Archive member included to satisfy reference by file (symbol)

e:/progra~2/gnuarm~1/102020~1/bin/../lib/gcc/arm-none-eabi/10.2.1/thumb/v6-m/nofp\libgcc.a(_dvmd_tls.o)
                              CMakeFiles/i2c_slave_test.dir/P_/Documents/RasPi_Pico/pico-sdk/src/rp2_common/pico_divider/divider.S.obj (__aeabi_idiv0)
e:/progra~2/gnuarm~1/102020~1/bin/../lib/gcc/arm-none-eabi/10.2.1/../../../../arm-none-eabi/lib/thumb/v6-m/nofp\libg.a(lib_a-calloc.o)
                              CMakeFiles/i2c_slave_test.dir/P_/Documents/RasPi_Pico/pico-sdk/src/rp2_common/pico_malloc/pico_malloc.c.obj (calloc)
e:/progra~2/gnuarm~1/102020~1/bin/../lib/gcc/arm-none-eabi/10.2.1/../../../../arm-none-eabi/lib/thumb/v6-m/nofp\libg.a(lib_a-callocr.o)
                              e:/progra~2/gnuarm~1/102020~1/bin/../lib/gcc/arm-none-eabi/10.2.1/../../../../arm-none-eabi/lib/thumb/v6-m/nofp\libg.a(lib_a-calloc.o) (_calloc_r)
e:/progra~2/gnuarm~1/102020~1/bin/../lib/gcc/arm-none-eabi/10.2.1/../../../../arm-none-eabi/lib/thumb/v6-m/nofp\libg.a(lib_a-ctype_.o)
                              CMakeFiles/i2c_slave_test.dir/P_/Documents/RasPi_Pico/pico-sdk/lib/tinyusb/src/tusb.c.obj (_ctype_)
e:/progra~2/gnuarm~1/102020~1/bin/../lib/gcc/arm-none-eabi/10.2.1/../../../../arm-none-eabi/lib/thumb/v6-m/nofp\libg.a(lib_a-impure.o)
                              e:/progra~2/gnuarm~1/102020~1/bin/../lib/gcc/arm-none-eabi/10.2.1/../../../../arm-none-eabi/lib/thumb/v6-m/nofp\libg.a(lib_a-calloc.o) (_impure_ptr)
e:/progra~2/gnuarm~1/102020~1/bin/../lib/gcc/arm-none-eabi/10.2.1/../../../../arm-none-eabi/lib/thumb/v6-m/nofp\libg.a(lib_a-init.o)
                              e:/progra~2/gnuarm~1/102020~1/bin/../lib/gcc/arm-none-eabi/10.2.1/../../../../arm-none-eabi/lib/thumb/v6-m/nofp/crt0.o (__libc_init_array)
e:/progra~2/gnuarm~1/102020~1/bin/../lib/gcc/arm-none-eabi/10.2.1/../../../../arm-none-eabi/lib/thumb/v6-m/nofp\libg.a(lib_a-malloc.o)
                              CMakeFiles/i2c_slave_test.dir/P_/Documents/RasPi_Pico/pico-sdk/src/rp2_common/pico_malloc/pico_malloc.c.obj (malloc)
e:/progra~2/gnuarm~1/102020~1/bin/../lib/gcc/arm-none-eabi/10.2.1/../../../../arm-none-eabi/lib/thumb/v6-m/nofp\libg.a(lib_a-mallocr.o)
                              e:/progra~2/gnuarm~1/102020~1/bin/../lib/gcc/arm-none-eabi/10.2.1/../../../../arm-none-eabi/lib/thumb/v6-m/nofp\libg.a(lib_a-callocr.o) (_malloc_r)
e:/progra~2/gnuarm~1/102020~1/bin/../lib/gcc/arm-none-eabi/10.2.1/../../../../arm-none-eabi/lib/thumb/v6-m/nofp\libg.a(lib_a-mlock.o)
                              e:/progra~2/gnuarm~1/102020~1/bin/../lib/gcc/arm-none-eabi/10.2.1/../../../../arm-none-eabi/lib/thumb/v6-m/nofp\libg.a(lib_a-mallocr.o) (__malloc_lock)
e:/progra~2/gnuarm~1/102020~1/bin/../lib/gcc/arm-none-eabi/10.2.1/../../../../arm-none-eabi/lib/thumb/v6-m/nofp\libg.a(lib_a-sbrkr.o)
                              e:/progra~2/gnuarm~1/102020~1/bin/../lib/gcc/arm-none-eabi/10.2.1/../../../../arm-none-eabi/lib/thumb/v6-m/nofp\libg.a(lib_a-mallocr.o) (_sbrk_r)
e:/progra~2/gnuarm~1/102020~1/bin/../lib/gcc/arm-none-eabi/10.2.1/../../../../arm-none-eabi/lib/thumb/v6-m/nofp\libg.a(lib_a-strlen-stub.o)
                              CMakeFiles/i2c_slave_test.dir/P_/Documents/RasPi_Pico/pico-sdk/src/rp2_common/pico_stdio/stdio.c.obj (strlen)
e:/progra~2/gnuarm~1/102020~1/bin/../lib/gcc/arm-none-eabi/10.2.1/../../../../arm-none-eabi/lib/thumb/v6-m/nofp\libg.a(lib_a-freer.o)
                              e:/progra~2/gnuarm~1/102020~1/bin/../lib/gcc/arm-none-eabi/10.2.1/../../../../arm-none-eabi/lib/thumb/v6-m/nofp\libg.a(lib_a-malloc.o) (_free_r)
e:/progra~2/gnuarm~1/102020~1/bin/../lib/gcc/arm-none-eabi/10.2.1/../../../../arm-none-eabi/lib/thumb/v6-m/nofp\libg.a(lib_a-lock.o)
                              e:/progra~2/gnuarm~1/102020~1/bin/../lib/gcc/arm-none-eabi/10.2.1/../../../../arm-none-eabi/lib/thumb/v6-m/nofp\libg.a(lib_a-mlock.o) (__retarget_lock_acquire_recursive)
e:/progra~2/gnuarm~1/102020~1/bin/../lib/gcc/arm-none-eabi/10.2.1/../../../../arm-none-eabi/lib/thumb/v6-m/nofp\libg.a(lib_a-reent.o)
                              e:/progra~2/gnuarm~1/102020~1/bin/../lib/gcc/arm-none-eabi/10.2.1/../../../../arm-none-eabi/lib/thumb/v6-m/nofp\libg.a(lib_a-sbrkr.o) (errno)

Discarded input sections

 .text          0x00000000        0x0 e:/progra~2/gnuarm~1/102020~1/bin/../lib/gcc/arm-none-eabi/10.2.1/thumb/v6-m/nofp/crti.o
 .data          0x00000000        0x0 e:/progra~2/gnuarm~1/102020~1/bin/../lib/gcc/arm-none-eabi/10.2.1/thumb/v6-m/nofp/crti.o
 .bss           0x00000000        0x0 e:/progra~2/gnuarm~1/102020~1/bin/../lib/gcc/arm-none-eabi/10.2.1/thumb/v6-m/nofp/crti.o
 .data          0x00000000        0x4 e:/progra~2/gnuarm~1/102020~1/bin/../lib/gcc/arm-none-eabi/10.2.1/thumb/v6-m/nofp/crtbegin.o
 .rodata        0x00000000       0x24 e:/progra~2/gnuarm~1/102020~1/bin/../lib/gcc/arm-none-eabi/10.2.1/thumb/v6-m/nofp/crtbegin.o
[...]
Memory Configuration

Name             Origin             Length             Attributes
FLASH            0x10000000         0x00200000         xr
RAM              0x20000000         0x00040000         xrw
SCRATCH_X        0x20040000         0x00001000         xrw
SCRATCH_Y        0x20041000         0x00001000         xrw
*default*        0x00000000         0xffffffff

Linker script and memory map

LOAD e:/progra~2/gnuarm~1/102020~1/bin/../lib/gcc/arm-none-eabi/10.2.1/thumb/v6-m/nofp/crti.o
LOAD e:/progra~2/gnuarm~1/102020~1/bin/../lib/gcc/arm-none-eabi/10.2.1/thumb/v6-m/nofp/crtbegin.o
LOAD e:/progra~2/gnuarm~1/102020~1/bin/../lib/gcc/arm-none-eabi/10.2.1/../../../../arm-none-eabi/lib/thumb/v6-m/nofp/crt0.o

.flash_begin    0x10000000        0x0
                0x10000000                __flash_binary_start = .

.boot2          0x10000000      0x100
                0x10000000                __boot2_start__ = .
 *(.boot2)
 .boot2         0x10000000      0x100 C:\Users\Andrew\AppData\Local\Temp\ccuzA5li.o
                0x10000100                __boot2_end__ = .
                0x00000001                ASSERT (((__boot2_end__ - __boot2_start__) == 0x100), ERROR: Pico second stage bootloader must be 256 bytes in size)

.text           0x10000100     0x8868
                0x10000100                __logical_binary_start = .
 *(.vectors)
 .vectors       0x10000100       0xd4 CMakeFiles/i2c_slave_test.dir/P_/Documents/RasPi_Pico/pico-sdk/src/rp2_common/pico_standard_link/crt0.S.obj
                0x10000100                __vectors
                0x100001c0                isr_invalid
                0x100001c2                isr_nmi
                0x100001c4                isr_hardfault
                0x100001c6                isr_svcall
                0x100001c8                isr_pendsv
                0x100001ca                isr_systick
                0x100001cc                isr_irq11
                0x100001cc                isr_irq5
                0x100001cc                isr_irq23
                0x100001cc                isr_irq18
                0x100001cc                isr_irq31
                0x100001cc                isr_irq28
                0x100001cc                isr_irq19
                0x100001cc                isr_irq0
                0x100001cc                isr_irq6
                0x100001cc                isr_irq27
                0x100001cc                isr_irq12
                0x100001cc                isr_irq22
                0x100001cc                isr_irq13
                0x100001cc                isr_irq17
                0x100001cc                isr_irq14
                0x100001cc                isr_irq2
                0x100001cc                isr_irq10
                0x100001cc                isr_irq8
                0x100001cc                isr_irq24
                0x100001cc                isr_irq1
                0x100001cc                isr_irq7
                0x100001cc                isr_irq21
                0x100001cc                isr_irq20
                0x100001cc                isr_irq15
                0x100001cc                isr_irq25
                0x100001cc                __unhandled_user_irq
                0x100001cc                isr_irq4
                0x100001cc                isr_irq16
                0x100001cc                isr_irq29
                0x100001cc                isr_irq26
                0x100001cc                isr_irq3
                0x100001cc                isr_irq30
                0x100001cc                isr_irq9
                0x100001d2                unhandled_user_irq_num_in_r0
 *(.binary_info_header)
 .binary_info_header
                0x100001d4       0x14 CMakeFiles/i2c_slave_test.dir/P_/Documents/RasPi_Pico/pico-sdk/src/rp2_common/pico_standard_link/crt0.S.obj
                0x100001e8                __binary_info_header_end = .
 *(.reset)
 .reset         0x100001e8       0xa8 CMakeFiles/i2c_slave_test.dir/P_/Documents/RasPi_Pico/pico-sdk/src/rp2_common/pico_standard_link/crt0.S.obj
                0x100001e8                _entry_point
                0x10000266                __get_current_exception
 .reset         0x10000290       0x30 CMakeFiles/i2c_slave_test.dir/P_/Documents/RasPi_Pico/pico-sdk/src/rp2_common/pico_standard_link/binary_info.c.obj
 *(.init)
 .init          0x100002c0        0x4 e:/progra~2/gnuarm~1/102020~1/bin/../lib/gcc/arm-none-eabi/10.2.1/thumb/v6-m/nofp/crti.o
                0x100002c0                _init
 *(EXCLUDE_FILE(*libm.a: *libc.a:*lib_a-mem*.o *libgcc.a:) .text*)
 .text          0x100002c4       0x48 e:/progra~2/gnuarm~1/102020~1/bin/../lib/gcc/arm-none-eabi/10.2.1/thumb/v6-m/nofp/crtbegin.o
 .text._Z23check_i2c_slave_requestP15repeating_timer
                0x1000030c       0x74 CMakeFiles/i2c_slave_test.dir/i2c-slave.cpp.obj
                0x1000030c                check_i2c_slave_request(repeating_timer*)
 .text._Z15readADCandPrintP15repeating_timer
                0x10000380        0x4 CMakeFiles/i2c_slave_test.dir/i2c-slave.cpp.obj
                0x10000380                readADCandPrint(repeating_timer*)
 .text._Z41__static_initialization_and_destruction_0ii
                0x10000384       0x28 CMakeFiles/i2c_slave_test.dir/i2c-slave.cpp.obj
 .text._Z20core1_entry_i2cSlavev
                0x100003ac      0x338 CMakeFiles/i2c_slave_test.dir/i2c-slave.cpp.obj
                0x100003ac                core1_entry_i2cSlave()
 .text._ZN16Adafruit_ADS101532readADC_SingleEnded_NON_BLOCKINGEh
                0x100006e4       0xcc CMakeFiles/i2c_slave_test.dir/i2c-slave.cpp.obj
                0x100006e4                Adafruit_ADS1015::readADC_SingleEnded_NON_BLOCKING(unsigned char)
 .text._ZN16Adafruit_ADS101512readRegisterEh
                0x100007b0       0xe4 CMakeFiles/i2c_slave_test.dir/i2c-slave.cpp.obj
                0x100007b0                Adafruit_ADS1015::readRegister(unsigned char)
 .text._ZN16InputPortManager6updateEv
                0x10000894      0x4c4 CMakeFiles/i2c_slave_test.dir/i2c-slave.cpp.obj
                0x10000894                InputPortManager::update()
 .text._ZN22MCP23017_Port_Expander5beginEv
                0x10000d58      0x628 CMakeFiles/i2c_slave_test.dir/i2c-slave.cpp.obj
                0x10000d58                MCP23017_Port_Expander::begin()
 .text.main     0x10001380      0x824 CMakeFiles/i2c_slave_test.dir/i2c-slave.cpp.obj
                0x10001380                main
 .text._GLOBAL__sub_I_slaveHandler
                0x10001ba4       0x10 CMakeFiles/i2c_slave_test.dir/i2c-slave.cpp.obj
 .text.gpio_set_function
                0x10001bb4       0x30 CMakeFiles/i2c_slave_test.dir/P_/Documents/RasPi_Pico/pico-sdk/src/rp2_common/hardware_gpio/gpio.c.obj
                0x10001bb4                gpio_set_function
 .text.gpio_set_pulls
                0x10001be4       0x34 CMakeFiles/i2c_slave_test.dir/P_/Documents/RasPi_Pico/pico-sdk/src/rp2_common/hardware_gpio/gpio.c.obj
                0x10001be4                gpio_set_pulls
 .text.gpio_init
                0x10001c18       0x16 CMakeFiles/i2c_slave_test.dir/P_/Documents/RasPi_Pico/pico-sdk/src/rp2_common/hardware_gpio/gpio.c.obj
                0x10001c18                gpio_init
 *fill*         0x10001c2e        0x2 
 .text.hw_claim_lock
                0x10001c30       0x18 CMakeFiles/i2c_slave_test.dir/P_/Documents/RasPi_Pico/pico-sdk/src/rp2_common/hardware_claim/claim.c.obj
                0x10001c30                hw_claim_lock
 .text.hw_claim_unlock
                0x10001c48       0x14 CMakeFiles/i2c_slave_test.dir/P_/Documents/RasPi_Pico/pico-sdk/src/rp2_common/hardware_claim/claim.c.obj
                0x10001c48                hw_claim_unlock
 .text.hw_claim_or_assert
                0x10001c5c       0x36 CMakeFiles/i2c_slave_test.dir/P_/Documents/RasPi_Pico/pico-sdk/src/rp2_common/hardware_claim/claim.c.obj
                0x10001c5c                hw_claim_or_assert
 .text.hw_claim_unused_from_range
                0x10001c92       0x58 CMakeFiles/i2c_slave_test.dir/P_/Documents/RasPi_Pico/pico-sdk/src/rp2_common/hardware_claim/claim.c.obj
                0x10001c92                hw_claim_unused_from_range
 *fill*         0x10001cea        0x2 
 .text.spin_locks_reset
                0x10001cec       0x20 CMakeFiles/i2c_slave_test.dir/P_/Documents/RasPi_Pico/pico-sdk/src/rp2_common/hardware_sync/sync.c.obj
                0x10001cec                spin_locks_reset
 .text.next_striped_spin_lock_num
                0x10001d0c       0x1c CMakeFiles/i2c_slave_test.dir/P_/Documents/RasPi_Pico/pico-sdk/src/rp2_common/hardware_sync/sync.c.obj
                0x10001d0c                next_striped_spin_lock_num
 .text.spin_lock_claim_unused
                0x10001d28       0x20 CMakeFiles/i2c_slave_test.dir/P_/Documents/RasPi_Pico/pico-sdk/src/rp2_common/hardware_sync/sync.c.obj
                0x10001d28                spin_lock_claim_unused
 .text.running_on_fpga
                0x10001d48       0x14 CMakeFiles/i2c_slave_test.dir/P_/Documents/RasPi_Pico/pico-sdk/src/rp2_common/pico_platform/platform.c.obj
                0x10001d48                running_on_fpga
 .text.sev_callback
                0x10001d5c        0x8 CMakeFiles/i2c_slave_test.dir/P_/Documents/RasPi_Pico/pico-sdk/src/common/pico_time/time.c.obj
 .text.repeating_timer_callback
                0x10001d64       0x40 CMakeFiles/i2c_slave_test.dir/P_/Documents/RasPi_Pico/pico-sdk/src/common/pico_time/time.c.obj
 .text.alarm_pool_post_alloc_init
                0x10001da4       0x40 CMakeFiles/i2c_slave_test.dir/P_/Documents/RasPi_Pico/pico-sdk/src/common/pico_time/time.c.obj
 .text.timer_pool_entry_comparator
                0x10001de4       0x7c CMakeFiles/i2c_slave_test.dir/P_/Documents/RasPi_Pico/pico-sdk/src/common/pico_time/time.c.obj
                0x10001de4                timer_pool_entry_comparator
 .text.ph_add_child_node
                0x10001e60       0xa4 CMakeFiles/i2c_slave_test.dir/P_/Documents/RasPi_Pico/pico-sdk/src/common/pico_time/time.c.obj
 .text.ph_merge_nodes
                0x10001f04       0x3e CMakeFiles/i2c_slave_test.dir/P_/Documents/RasPi_Pico/pico-sdk/src/common/pico_time/time.c.obj
 *fill*         0x10001f42        0x2 
 .text.add_alarm_under_lock
                0x10001f44      0x174 CMakeFiles/i2c_slave_test.dir/P_/Documents/RasPi_Pico/pico-sdk/src/common/pico_time/time.c.obj
 .text.alarm_pool_alarm_callback
                0x100020b8      0x328 CMakeFiles/i2c_slave_test.dir/P_/Documents/RasPi_Pico/pico-sdk/src/common/pico_time/time.c.obj
 .text.alarm_pool_init_default
                0x100023e0       0x2c CMakeFiles/i2c_slave_test.dir/P_/Documents/RasPi_Pico/pico-sdk/src/common/pico_time/time.c.obj
                0x100023e0                alarm_pool_init_default
 .text.alarm_pool_get_default
                0x1000240c       0x2c CMakeFiles/i2c_slave_test.dir/P_/Documents/RasPi_Pico/pico-sdk/src/common/pico_time/time.c.obj
                0x1000240c                alarm_pool_get_default
 .text.alarm_pool_add_alarm_at
                0x10002438      0x170 CMakeFiles/i2c_slave_test.dir/P_/Documents/RasPi_Pico/pico-sdk/src/common/pico_time/time.c.obj
                0x10002438                alarm_pool_add_alarm_at
 .text.alarm_pool_cancel_alarm
                0x100025a8       0xec CMakeFiles/i2c_slave_test.dir/P_/Documents/RasPi_Pico/pico-sdk/src/common/pico_time/time.c.obj
                0x100025a8                alarm_pool_cancel_alarm
 .text.alarm_pool_add_repeating_timer_us
                0x10002694       0xa0 CMakeFiles/i2c_slave_test.dir/P_/Documents/RasPi_Pico/pico-sdk/src/common/pico_time/time.c.obj
                0x10002694                alarm_pool_add_repeating_timer_us
 .text.sleep_until
                0x10002734       0xd4 CMakeFiles/i2c_slave_test.dir/P_/Documents/RasPi_Pico/pico-sdk/src/common/pico_time/time.c.obj
                0x10002734                sleep_until
 .text.sleep_us
                0x10002808       0x58 CMakeFiles/i2c_slave_test.dir/P_/Documents/RasPi_Pico/pico-sdk/src/common/pico_time/time.c.obj
                0x10002808                sleep_us
 .text.sleep_ms
                0x10002860       0x14 CMakeFiles/i2c_slave_test.dir/P_/Documents/RasPi_Pico/pico-sdk/src/common/pico_time/time.c.obj
                0x10002860                sleep_ms
 .text.best_effort_wfe_or_timeout
                0x10002874       0x80 CMakeFiles/i2c_slave_test.dir/P_/Documents/RasPi_Pico/pico-sdk/src/common/pico_time/time.c.obj
                0x10002874                best_effort_wfe_or_timeout
 .text.check_single_timeout_us
                0x100028f4       0x2c CMakeFiles/i2c_slave_test.dir/P_/Documents/RasPi_Pico/pico-sdk/src/common/pico_time/timeout_helper.c.obj
 .text.init_single_timeout_until
                0x10002920        0xc CMakeFiles/i2c_slave_test.dir/P_/Documents/RasPi_Pico/pico-sdk/src/common/pico_time/timeout_helper.c.obj
                0x10002920                init_single_timeout_until
 .text.hardware_alarm_irq_handler
                0x1000292c       0x8c CMakeFiles/i2c_slave_test.dir/P_/Documents/RasPi_Pico/pico-sdk/src/rp2_common/hardware_timer/timer.c.obj
 .text.hardware_alarm_claim
                0x100029b8       0x18 CMakeFiles/i2c_slave_test.dir/P_/Documents/RasPi_Pico/pico-sdk/src/rp2_common/hardware_timer/timer.c.obj
                0x100029b8                hardware_alarm_claim
 .text.time_us_64
                0x100029d0       0x18 CMakeFiles/i2c_slave_test.dir/P_/Documents/RasPi_Pico/pico-sdk/src/rp2_common/hardware_timer/timer.c.obj
                0x100029d0                time_us_64
 .text.busy_wait_until
                0x100029e8       0x28 CMakeFiles/i2c_slave_test.dir/P_/Documents/RasPi_Pico/pico-sdk/src/rp2_common/hardware_timer/timer.c.obj
                0x100029e8                busy_wait_until
 .text.hardware_alarm_set_callback
                0x10002a10       0x90 CMakeFiles/i2c_slave_test.dir/P_/Documents/RasPi_Pico/pico-sdk/src/rp2_common/hardware_timer/timer.c.obj
                0x10002a10                hardware_alarm_set_callback
 .text.hardware_alarm_set_target
                0x10002aa0       0xe8 CMakeFiles/i2c_slave_test.dir/P_/Documents/RasPi_Pico/pico-sdk/src/rp2_common/hardware_timer/timer.c.obj
                0x10002aa0                hardware_alarm_set_target
 .text.hardware_alarm_cancel
                0x10002b88       0x40 CMakeFiles/i2c_slave_test.dir/P_/Documents/RasPi_Pico/pico-sdk/src/rp2_common/hardware_timer/timer.c.obj
                0x10002b88                hardware_alarm_cancel
 .text.lock_init
                0x10002bc8       0x10 CMakeFiles/i2c_slave_test.dir/P_/Documents/RasPi_Pico/pico-sdk/src/common/pico_sync/lock_core.c.obj
                0x10002bc8                lock_init
 .text.mutex_init
                0x10002bd8       0x1a CMakeFiles/i2c_slave_test.dir/P_/Documents/RasPi_Pico/pico-sdk/src/common/pico_sync/mutex.c.obj
                0x10002bd8                mutex_init
 .text.critical_section_init_with_lock_num
                0x10002bf2        0xc CMakeFiles/i2c_slave_test.dir/P_/Documents/RasPi_Pico/pico-sdk/src/common/pico_sync/critical_section.c.obj
                0x10002bf2                critical_section_init_with_lock_num
 .text.critical_section_init
                0x10002bfe       0x14 CMakeFiles/i2c_slave_test.dir/P_/Documents/RasPi_Pico/pico-sdk/src/common/pico_sync/critical_section.c.obj
                0x10002bfe                critical_section_init
 *fill*         0x10002c12        0x2 
 .text.ph_add_child_node
                0x10002c14       0xa4 CMakeFiles/i2c_slave_test.dir/P_/Documents/RasPi_Pico/pico-sdk/src/common/pico_util/pheap.c.obj
 .text.ph_merge_nodes
                0x10002cb8       0x3e CMakeFiles/i2c_slave_test.dir/P_/Documents/RasPi_Pico/pico-sdk/src/common/pico_util/pheap.c.obj
 *fill*         0x10002cf6        0x2 
 .text.ph_clear
                0x10002cf8       0x70 CMakeFiles/i2c_slave_test.dir/P_/Documents/RasPi_Pico/pico-sdk/src/common/pico_util/pheap.c.obj
                0x10002cf8                ph_clear
 .text.ph_post_alloc_init
                0x10002d68        0xe CMakeFiles/i2c_slave_test.dir/P_/Documents/RasPi_Pico/pico-sdk/src/common/pico_util/pheap.c.obj
                0x10002d68                ph_post_alloc_init
 *fill*         0x10002d76        0x2 
 .text.ph_merge_two_pass
                0x10002d78       0xa8 CMakeFiles/i2c_slave_test.dir/P_/Documents/RasPi_Pico/pico-sdk/src/common/pico_util/pheap.c.obj
                0x10002d78                ph_merge_two_pass
 .text.ph_remove_any_head
                0x10002e20      0x108 CMakeFiles/i2c_slave_test.dir/P_/Documents/RasPi_Pico/pico-sdk/src/common/pico_util/pheap.c.obj
 .text.ph_remove_head
                0x10002f28       0x14 CMakeFiles/i2c_slave_test.dir/P_/Documents/RasPi_Pico/pico-sdk/src/common/pico_util/pheap.c.obj
                0x10002f28                ph_remove_head
 .text.ph_remove_and_free_node
                0x10002f3c       0xf8 CMakeFiles/i2c_slave_test.dir/P_/Documents/RasPi_Pico/pico-sdk/src/common/pico_util/pheap.c.obj
                0x10002f3c                ph_remove_and_free_node
 .text.runtime_init
                0x10003034       0xcc CMakeFiles/i2c_slave_test.dir/P_/Documents/RasPi_Pico/pico-sdk/src/rp2_common/pico_runtime/runtime.c.obj
                0x10003034                runtime_init
 .text._exit    0x10003100        0x4 CMakeFiles/i2c_slave_test.dir/P_/Documents/RasPi_Pico/pico-sdk/src/rp2_common/pico_runtime/runtime.c.obj
                0x10003100                _exit
 .text.exit     0x10003104        0x6 CMakeFiles/i2c_slave_test.dir/P_/Documents/RasPi_Pico/pico-sdk/src/rp2_common/pico_runtime/runtime.c.obj
                0x10003104                exit
 *fill*         0x1000310a        0x2 
 .text.__assert_func
                0x1000310c       0x3c CMakeFiles/i2c_slave_test.dir/P_/Documents/RasPi_Pico/pico-sdk/src/rp2_common/pico_runtime/runtime.c.obj
                0x1000310c                __assert_func
 .text.panic    0x10003148       0x30 CMakeFiles/i2c_slave_test.dir/P_/Documents/RasPi_Pico/pico-sdk/src/rp2_common/pico_runtime/runtime.c.obj
                0x10003148                panic
 .text.clock_configure
                0x10003178       0xe8 CMakeFiles/i2c_slave_test.dir/P_/Documents/RasPi_Pico/pico-sdk/src/rp2_common/hardware_clocks/clocks.c.obj
                0x10003178                clock_configure
 .text.clocks_init
                0x10003260      0x124 CMakeFiles/i2c_slave_test.dir/P_/Documents/RasPi_Pico/pico-sdk/src/rp2_common/hardware_clocks/clocks.c.obj
                0x10003260                clocks_init
 .text.clock_get_hz
                0x10003384        0xc CMakeFiles/i2c_slave_test.dir/P_/Documents/RasPi_Pico/pico-sdk/src/rp2_common/hardware_clocks/clocks.c.obj
                0x10003384                clock_get_hz
 .text.watchdog_start_tick
                0x10003390       0x10 CMakeFiles/i2c_slave_test.dir/P_/Documents/RasPi_Pico/pico-sdk/src/rp2_common/hardware_watchdog/watchdog.c.obj
                0x10003390                watchdog_start_tick
 .text.watchdog_update
                0x100033a0       0x14 CMakeFiles/i2c_slave_test.dir/P_/Documents/RasPi_Pico/pico-sdk/src/rp2_common/hardware_watchdog/watchdog.c.obj
                0x100033a0                watchdog_update
 .text._watchdog_enable
                0x100033b4       0x70 CMakeFiles/i2c_slave_test.dir/P_/Documents/RasPi_Pico/pico-sdk/src/rp2_common/hardware_watchdog/watchdog.c.obj
                0x100033b4                _watchdog_enable
 .text.watchdog_reboot
                0x10003424       0x48 CMakeFiles/i2c_slave_test.dir/P_/Documents/RasPi_Pico/pico-sdk/src/rp2_common/hardware_watchdog/watchdog.c.obj
                0x10003424                watchdog_reboot
 .text.xosc_init
                0x1000346c       0x28 CMakeFiles/i2c_slave_test.dir/P_/Documents/RasPi_Pico/pico-sdk/src/rp2_common/hardware_xosc/xosc.c.obj
                0x1000346c                xosc_init
 .text.pll_init
                0x10003494       0xd0 CMakeFiles/i2c_slave_test.dir/P_/Documents/RasPi_Pico/pico-sdk/src/rp2_common/hardware_pll/pll.c.obj
                0x10003494                pll_init
 .text.set_raw_irq_handler_and_unlock
                0x10003564       0x28 CMakeFiles/i2c_slave_test.dir/P_/Documents/RasPi_Pico/pico-sdk/src/rp2_common/hardware_irq/irq.c.obj
 .text.make_branch
                0x1000358c       0x34 CMakeFiles/i2c_slave_test.dir/P_/Documents/RasPi_Pico/pico-sdk/src/rp2_common/hardware_irq/irq.c.obj
 .text.insert_branch_and_link
                0x100035c0       0x40 CMakeFiles/i2c_slave_test.dir/P_/Documents/RasPi_Pico/pico-sdk/src/rp2_common/hardware_irq/irq.c.obj
 .text.irq_is_enabled
                0x10003600       0x18 CMakeFiles/i2c_slave_test.dir/P_/Documents/RasPi_Pico/pico-sdk/src/rp2_common/hardware_irq/irq.c.obj
                0x10003600                irq_is_enabled
 .text.irq_set_mask_enabled
                0x10003618       0x20 CMakeFiles/i2c_slave_test.dir/P_/Documents/RasPi_Pico/pico-sdk/src/rp2_common/hardware_irq/irq.c.obj
                0x10003618                irq_set_mask_enabled
 .text.irq_set_enabled
                0x10003638        0xe CMakeFiles/i2c_slave_test.dir/P_/Documents/RasPi_Pico/pico-sdk/src/rp2_common/hardware_irq/irq.c.obj
                0x10003638                irq_set_enabled
 *fill*         0x10003646        0x2 
 .text.irq_set_pending
                0x10003648       0x10 CMakeFiles/i2c_slave_test.dir/P_/Documents/RasPi_Pico/pico-sdk/src/rp2_common/hardware_irq/irq.c.obj
                0x10003648                irq_set_pending
 .text.irq_get_vtable_handler
                0x10003658       0x10 CMakeFiles/i2c_slave_test.dir/P_/Documents/RasPi_Pico/pico-sdk/src/rp2_common/hardware_irq/irq.c.obj
                0x10003658                irq_get_vtable_handler
 .text.irq_set_exclusive_handler
                0x10003668       0x54 CMakeFiles/i2c_slave_test.dir/P_/Documents/RasPi_Pico/pico-sdk/src/rp2_common/hardware_irq/irq.c.obj
                0x10003668                irq_set_exclusive_handler
 .text.irq_remove_handler
                0x100036bc      0x1ac CMakeFiles/i2c_slave_test.dir/P_/Documents/RasPi_Pico/pico-sdk/src/rp2_common/hardware_irq/irq.c.obj
                0x100036bc                irq_remove_handler
 .text.irq_set_priority
                0x10003868       0x28 CMakeFiles/i2c_slave_test.dir/P_/Documents/RasPi_Pico/pico-sdk/src/rp2_common/hardware_irq/irq.c.obj
                0x10003868                irq_set_priority
 .text.irq_add_tail_to_free_list
                0x10003890       0xf0 CMakeFiles/i2c_slave_test.dir/P_/Documents/RasPi_Pico/pico-sdk/src/rp2_common/hardware_irq/irq.c.obj
                0x10003890                irq_add_tail_to_free_list
 .text.irq_init_priorities
                0x10003980       0x16 CMakeFiles/i2c_slave_test.dir/P_/Documents/RasPi_Pico/pico-sdk/src/rp2_common/hardware_irq/irq.c.obj
                0x10003980                irq_init_priorities
 .text._out_null
                0x10003996        0x2 CMakeFiles/i2c_slave_test.dir/P_/Documents/RasPi_Pico/pico-sdk/src/rp2_common/pico_printf/printf.c.obj
 .text._out_fct
                0x10003998        0xe CMakeFiles/i2c_slave_test.dir/P_/Documents/RasPi_Pico/pico-sdk/src/rp2_common/pico_printf/printf.c.obj
 .text._atoi    0x100039a6       0x24 CMakeFiles/i2c_slave_test.dir/P_/Documents/RasPi_Pico/pico-sdk/src/rp2_common/pico_printf/printf.c.obj
 .text._out_rev
                0x100039ca       0xae CMakeFiles/i2c_slave_test.dir/P_/Documents/RasPi_Pico/pico-sdk/src/rp2_common/pico_printf/printf.c.obj
 .text._ntoa_format
                0x10003a78      0x112 CMakeFiles/i2c_slave_test.dir/P_/Documents/RasPi_Pico/pico-sdk/src/rp2_common/pico_printf/printf.c.obj
 .text._ntoa_long
                0x10003b8a       0xbc CMakeFiles/i2c_slave_test.dir/P_/Documents/RasPi_Pico/pico-sdk/src/rp2_common/pico_printf/printf.c.obj
 .text._ntoa_long_long
                0x10003c46       0xe2 CMakeFiles/i2c_slave_test.dir/P_/Documents/RasPi_Pico/pico-sdk/src/rp2_common/pico_printf/printf.c.obj
 .text._etoa    0x10003d28      0x414 CMakeFiles/i2c_slave_test.dir/P_/Documents/RasPi_Pico/pico-sdk/src/rp2_common/pico_printf/printf.c.obj
 .text._ftoa    0x1000413c      0x354 CMakeFiles/i2c_slave_test.dir/P_/Documents/RasPi_Pico/pico-sdk/src/rp2_common/pico_printf/printf.c.obj
 .text._vsnprintf
                0x10004490      0x624 CMakeFiles/i2c_slave_test.dir/P_/Documents/RasPi_Pico/pico-sdk/src/rp2_common/pico_printf/printf.c.obj
 .text.vfctprintf
                0x10004ab4       0x20 CMakeFiles/i2c_slave_test.dir/P_/Documents/RasPi_Pico/pico-sdk/src/rp2_common/pico_printf/printf.c.obj
                0x10004ab4                vfctprintf
 .text          0x10004ad4       0x10 CMakeFiles/i2c_slave_test.dir/P_/Documents/RasPi_Pico/pico-sdk/src/rp2_common/pico_bit_ops/bit_ops_aeabi.S.obj
 .text.rom_func_lookup
                0x10004ae4       0x10 CMakeFiles/i2c_slave_test.dir/P_/Documents/RasPi_Pico/pico-sdk/src/rp2_common/pico_bootrom/bootrom.c.obj
                0x10004ae4                rom_func_lookup
 .text.rom_data_lookup
                0x10004af4       0x10 CMakeFiles/i2c_slave_test.dir/P_/Documents/RasPi_Pico/pico-sdk/src/rp2_common/pico_bootrom/bootrom.c.obj
                0x10004af4                rom_data_lookup
 .text.rom_funcs_lookup
                0x10004b04       0x36 CMakeFiles/i2c_slave_test.dir/P_/Documents/RasPi_Pico/pico-sdk/src/rp2_common/pico_bootrom/bootrom.c.obj
                0x10004b04                rom_funcs_lookup
 *fill*         0x10004b3a        0x2 
 .text.__wrap___aeabi_idiv
                0x10004b3c       0x58 CMakeFiles/i2c_slave_test.dir/P_/Documents/RasPi_Pico/pico-sdk/src/rp2_common/pico_divider/divider.S.obj
                0x10004b3c                __wrap___aeabi_idivmod
                0x10004b3c                divmod_s32s32
                0x10004b3c                div_s32s32
                0x10004b3c                __wrap___aeabi_idiv
                0x10004b44                divmod_s32s32_unsafe
                0x10004b70                divmod_s32s32_savestate
 .text.__wrap___aeabi_uidiv
                0x10004b94       0x54 CMakeFiles/i2c_slave_test.dir/P_/Documents/RasPi_Pico/pico-sdk/src/rp2_common/pico_divider/divider.S.obj
                0x10004b94                __wrap___aeabi_uidiv
                0x10004b94                __wrap___aeabi_uidivmod
                0x10004b94                div_u32u32
                0x10004b94                divmod_u32u32
                0x10004b9c                divmod_u32u32_unsafe
                0x10004bc4                divmod_u32u32_savestate
 .text.__wrap___aeabi_ldiv
                0x10004be8      0x430 CMakeFiles/i2c_slave_test.dir/P_/Documents/RasPi_Pico/pico-sdk/src/rp2_common/pico_divider/divider.S.obj
                0x10004be8                div_s64s64
                0x10004be8                divmod_s64s64
                0x10004be8                __wrap___aeabi_ldivmod
                0x10004c20                divmod_u64u64
                0x10004c20                div_u64u64
                0x10004c20                __wrap___aeabi_uldivmod
                0x10004c30                divmod_u64u64_savestate
                0x10004c58                divmod_s64s64_unsafe
                0x10004ce0                divmod_u64u64_unsafe
 .text.__wrap___aeabi_darithmetic
                0x10005018       0x54 CMakeFiles/i2c_slave_test.dir/P_/Documents/RasPi_Pico/pico-sdk/src/rp2_common/pico_double/double_aeabi.S.obj
                0x10005018                __wrap___aeabi_drsub
                0x1000501e                __wrap___aeabi_dsub
                0x10005030                __wrap___aeabi_dadd
                0x10005042                __wrap___aeabi_ddiv
                0x10005054                __wrap___aeabi_dmul
 .text.__wrap___aeabi_cdcmple
                0x1000506c       0x6c CMakeFiles/i2c_slave_test.dir/P_/Documents/RasPi_Pico/pico-sdk/src/rp2_common/pico_double/double_aeabi.S.obj
                0x1000506c                __wrap___aeabi_cdrcmple
                0x1000507c                __wrap___aeabi_cdcmpeq
                0x1000507c                __wrap___aeabi_cdcmple
 .text.__wrap___aeabi_dcmplt
                0x100050d8        0xc CMakeFiles/i2c_slave_test.dir/P_/Documents/RasPi_Pico/pico-sdk/src/rp2_common/pico_double/double_aeabi.S.obj
                0x100050d8                __wrap___aeabi_dcmplt
 .text.__wrap___aeabi_dcmple
                0x100050e4       0x10 CMakeFiles/i2c_slave_test.dir/P_/Documents/RasPi_Pico/pico-sdk/src/rp2_common/pico_double/double_aeabi.S.obj
                0x100050e4                __wrap___aeabi_dcmple
 .text.__wrap___aeabi_dcmpge
                0x100050f4       0x10 CMakeFiles/i2c_slave_test.dir/P_/Documents/RasPi_Pico/pico-sdk/src/rp2_common/pico_double/double_aeabi.S.obj
                0x100050f4                __wrap___aeabi_dcmpge
 .text.__wrap___aeabi_dcmpgt
                0x10005104        0xa CMakeFiles/i2c_slave_test.dir/P_/Documents/RasPi_Pico/pico-sdk/src/rp2_common/pico_double/double_aeabi.S.obj
                0x10005104                __wrap___aeabi_dcmpgt
 .text.__wrap___aeabi_dcmpun
                0x1000510e       0x1c CMakeFiles/i2c_slave_test.dir/P_/Documents/RasPi_Pico/pico-sdk/src/rp2_common/pico_double/double_aeabi.S.obj
                0x1000510e                __wrap___aeabi_dcmpun
 *fill*         0x1000512a        0x2 
 .text.__wrap___aeabi_i2d
                0x1000512c       0x38 CMakeFiles/i2c_slave_test.dir/P_/Documents/RasPi_Pico/pico-sdk/src/rp2_common/pico_double/double_aeabi.S.obj
                0x1000512c                __wrap___aeabi_ui2d
                0x10005134                __wrap___aeabi_i2d
 .text.__wrap___aeabi_d2iz
                0x10005164       0x48 CMakeFiles/i2c_slave_test.dir/P_/Documents/RasPi_Pico/pico-sdk/src/rp2_common/pico_double/double_aeabi.S.obj
                0x10005164                double2int_z
                0x10005164                __wrap___aeabi_d2iz
 .text.__wrap___aeabi_d2uiz
                0x100051ac       0x18 CMakeFiles/i2c_slave_test.dir/P_/Documents/RasPi_Pico/pico-sdk/src/rp2_common/pico_double/double_aeabi.S.obj
                0x100051ac                __wrap___aeabi_d2uiz
                0x100051ac                double2uint
 .text.__aeabi_double_init
                0x100051c4       0xb8 CMakeFiles/i2c_slave_test.dir/P_/Documents/RasPi_Pico/pico-sdk/src/rp2_common/pico_double/double_init_rom.c.obj
                0x100051c4                __aeabi_double_init
 .text.double_table_shim_on_use_helper
                0x1000527c       0x34 CMakeFiles/i2c_slave_test.dir/P_/Documents/RasPi_Pico/pico-sdk/src/rp2_common/pico_double/double_v1_rom_shim.S.obj
                0x1000527c                double_table_shim_on_use_helper
 .text.__wrap___aeabi_dsub
                0x100052b0       0x10 CMakeFiles/i2c_slave_test.dir/P_/Documents/RasPi_Pico/pico-sdk/src/rp2_common/pico_double/double_v1_rom_shim.S.obj
                0x100052b0                drsub_shim
                0x100052b6                dsub_shim
 .text.dadd_shim
                0x100052c0      0x15c CMakeFiles/i2c_slave_test.dir/P_/Documents/RasPi_Pico/pico-sdk/src/rp2_common/pico_double/double_v1_rom_shim.S.obj
                0x100052c0                dadd_shim
 .text.dmul_shim
                0x1000541c      0x15c CMakeFiles/i2c_slave_test.dir/P_/Documents/RasPi_Pico/pico-sdk/src/rp2_common/pico_double/double_v1_rom_shim.S.obj
                0x1000541c                dmul_shim
 .text.ddiv_shim
                0x10005578      0x1b0 CMakeFiles/i2c_slave_test.dir/P_/Documents/RasPi_Pico/pico-sdk/src/rp2_common/pico_double/double_v1_rom_shim.S.obj
                0x10005578                ddiv_shim
 .text.dcordic_rot_step
                0x10005728       0x7c CMakeFiles/i2c_slave_test.dir/P_/Documents/RasPi_Pico/pico-sdk/src/rp2_common/pico_double/double_v1_rom_shim.S.obj
                0x10005728                dcordic_rot_step
 .text.double2uint_shim
                0x100057a4        0xe CMakeFiles/i2c_slave_test.dir/P_/Documents/RasPi_Pico/pico-sdk/src/rp2_common/pico_double/double_v1_rom_shim.S.obj
                0x100057a4                double2uint_shim
                0x100057a6                double2ufix_shim
 *fill*         0x100057b2        0x2 
 .text.double2uint64_shim
                0x100057b4       0x6c CMakeFiles/i2c_slave_test.dir/P_/Documents/RasPi_Pico/pico-sdk/src/rp2_common/pico_double/double_v1_rom_shim.S.obj
                0x100057b4                double2uint64_shim
                0x100057b6                double2ufix64_shim
                0x100057d0                d2fix_a
 .text.dunpacks
                0x10005820       0x3c CMakeFiles/i2c_slave_test.dir/P_/Documents/RasPi_Pico/pico-sdk/src/rp2_common/pico_double/double_v1_rom_shim.S.obj
                0x10005820                dunpacks
 .text.__aeabi_lmul
                0x1000585c       0x32 CMakeFiles/i2c_slave_test.dir/P_/Documents/RasPi_Pico/pico-sdk/src/rp2_common/pico_int64_ops/pico_int64_ops_aeabi.S.obj
                0x1000585c                __wrap___aeabi_lmul
 *fill*         0x1000588e        0x2 
 .text.__wrap___aeabi_farithmetic
                0x10005890       0x34 CMakeFiles/i2c_slave_test.dir/P_/Documents/RasPi_Pico/pico-sdk/src/rp2_common/pico_float/float_aeabi.S.obj
                0x10005890                __wrap___aeabi_frsub
                0x10005896                __wrap___aeabi_fsub
                0x100058a0                __wrap___aeabi_fadd
                0x100058aa                __wrap___aeabi_fdiv
                0x100058b4                __wrap___aeabi_fmul
 .text.__wrap___aeabi_ui2f
                0x100058c4        0xa CMakeFiles/i2c_slave_test.dir/P_/Documents/RasPi_Pico/pico-sdk/src/rp2_common/pico_float/float_aeabi.S.obj
                0x100058c4                __wrap___aeabi_ui2f
 *fill*         0x100058ce        0x2 
 .text.__wrap___aeabi_i2f
                0x100058d0       0x44 CMakeFiles/i2c_slave_test.dir/P_/Documents/RasPi_Pico/pico-sdk/src/rp2_common/pico_float/float_aeabi.S.obj
                0x100058d0                __wrap___aeabi_i2f
 .text.__wrap___aeabi_f2d
                0x10005914       0x14 CMakeFiles/i2c_slave_test.dir/P_/Documents/RasPi_Pico/pico-sdk/src/rp2_common/pico_float/float_aeabi.S.obj
                0x10005914                __wrap___aeabi_f2d
 .text.__aeabi_float_init
                0x10005928       0xfc CMakeFiles/i2c_slave_test.dir/P_/Documents/RasPi_Pico/pico-sdk/src/rp2_common/pico_float/float_init_rom.c.obj
                0x10005928                __aeabi_float_init
 .text.float_table_shim_on_use_helper
                0x10005a24       0x34 CMakeFiles/i2c_slave_test.dir/P_/Documents/RasPi_Pico/pico-sdk/src/rp2_common/pico_float/float_v1_rom_shim.S.obj
                0x10005a24                float_table_shim_on_use_helper
 .text.float2double_shim
                0x10005a58       0x30 CMakeFiles/i2c_slave_test.dir/P_/Documents/RasPi_Pico/pico-sdk/src/rp2_common/pico_float/float_v1_rom_shim.S.obj
                0x10005a58                float2double_shim
 .text          0x10005a88       0x10 CMakeFiles/i2c_slave_test.dir/P_/Documents/RasPi_Pico/pico-sdk/src/rp2_common/pico_mem_ops/mem_ops_aeabi.S.obj
                0x10005a88                __aeabi_mem_init
 .text.memset   0x10005a98        0xc CMakeFiles/i2c_slave_test.dir/P_/Documents/RasPi_Pico/pico-sdk/src/rp2_common/pico_mem_ops/mem_ops_aeabi.S.obj
                0x10005a98                __wrap_memset
 .text.memcpy   0x10005aa4        0xc CMakeFiles/i2c_slave_test.dir/P_/Documents/RasPi_Pico/pico-sdk/src/rp2_common/pico_mem_ops/mem_ops_aeabi.S.obj
                0x10005aa4                __wrap_memcpy
                0x10005aa4                __wrap___aeabi_memcpy
 .text.stdio_out_chars_crlf
                0x10005ab0       0x80 CMakeFiles/i2c_slave_test.dir/P_/Documents/RasPi_Pico/pico-sdk/src/rp2_common/pico_stdio/stdio.c.obj
 .text.stdio_stack_buffer_flush
                0x10005b30       0x44 CMakeFiles/i2c_slave_test.dir/P_/Documents/RasPi_Pico/pico-sdk/src/rp2_common/pico_stdio/stdio.c.obj
 .text.stdio_buffered_printer
                0x10005b74       0x20 CMakeFiles/i2c_slave_test.dir/P_/Documents/RasPi_Pico/pico-sdk/src/rp2_common/pico_stdio/stdio.c.obj
 .text.stdout_serialize_begin
                0x10005b94       0x2c CMakeFiles/i2c_slave_test.dir/P_/Documents/RasPi_Pico/pico-sdk/src/rp2_common/pico_stdio/stdio.c.obj
                0x10005b94                stdout_serialize_begin
 .text.stdout_serialize_end
                0x10005bc0       0x10 CMakeFiles/i2c_slave_test.dir/P_/Documents/RasPi_Pico/pico-sdk/src/rp2_common/pico_stdio/stdio.c.obj
                0x10005bc0                stdout_serialize_end
 .text.stdio_put_string
                0x10005bd0       0x84 CMakeFiles/i2c_slave_test.dir/P_/Documents/RasPi_Pico/pico-sdk/src/rp2_common/pico_stdio/stdio.c.obj
 .text.stdio_set_driver_enabled
                0x10005c54       0x38 CMakeFiles/i2c_slave_test.dir/P_/Documents/RasPi_Pico/pico-sdk/src/rp2_common/pico_stdio/stdio.c.obj
                0x10005c54                stdio_set_driver_enabled
 .text.stdio_flush
                0x10005c8c       0x20 CMakeFiles/i2c_slave_test.dir/P_/Documents/RasPi_Pico/pico-sdk/src/rp2_common/pico_stdio/stdio.c.obj
                0x10005c8c                stdio_flush
 .text.__wrap_puts
                0x10005cac       0x1c CMakeFiles/i2c_slave_test.dir/P_/Documents/RasPi_Pico/pico-sdk/src/rp2_common/pico_stdio/stdio.c.obj
                0x10005cac                __wrap_puts
 .text.__wrap_vprintf
                0x10005cc8       0x44 CMakeFiles/i2c_slave_test.dir/P_/Documents/RasPi_Pico/pico-sdk/src/rp2_common/pico_stdio/stdio.c.obj
                0x10005cc8                __wrap_vprintf
 .text.__wrap_printf
                0x10005d0c       0x18 CMakeFiles/i2c_slave_test.dir/P_/Documents/RasPi_Pico/pico-sdk/src/rp2_common/pico_stdio/stdio.c.obj
                0x10005d0c                __wrap_printf
 .text.stdio_init_all
                0x10005d24        0x8 CMakeFiles/i2c_slave_test.dir/P_/Documents/RasPi_Pico/pico-sdk/src/rp2_common/pico_stdio/stdio.c.obj
                0x10005d24                stdio_init_all
 .text.resetd_init
                0x10005d2c        0x2 CMakeFiles/i2c_slave_test.dir/P_/Documents/RasPi_Pico/pico-sdk/src/rp2_common/pico_stdio_usb/reset_interface.c.obj
 *fill*         0x10005d2e        0x2 
 .text.resetd_reset
                0x10005d30        0xc CMakeFiles/i2c_slave_test.dir/P_/Documents/RasPi_Pico/pico-sdk/src/rp2_common/pico_stdio_usb/reset_interface.c.obj
 .text.resetd_open
                0x10005d3c       0x34 CMakeFiles/i2c_slave_test.dir/P_/Documents/RasPi_Pico/pico-sdk/src/rp2_common/pico_stdio_usb/reset_interface.c.obj
 .text.resetd_control_complete_cb
                0x10005d70        0x4 CMakeFiles/i2c_slave_test.dir/P_/Documents/RasPi_Pico/pico-sdk/src/rp2_common/pico_stdio_usb/reset_interface.c.obj
 .text.resetd_xfer_cb
                0x10005d74        0x4 CMakeFiles/i2c_slave_test.dir/P_/Documents/RasPi_Pico/pico-sdk/src/rp2_common/pico_stdio_usb/reset_interface.c.obj
 .text.reset_usb_boot
                0x10005d78       0x18 CMakeFiles/i2c_slave_test.dir/P_/Documents/RasPi_Pico/pico-sdk/src/rp2_common/pico_stdio_usb/reset_interface.c.obj
 .text.resetd_control_request_cb
                0x10005d90       0x58 CMakeFiles/i2c_slave_test.dir/P_/Documents/RasPi_Pico/pico-sdk/src/rp2_common/pico_stdio_usb/reset_interface.c.obj
 .text.usbd_app_driver_get_cb
                0x10005de8        0xc CMakeFiles/i2c_slave_test.dir/P_/Documents/RasPi_Pico/pico-sdk/src/rp2_common/pico_stdio_usb/reset_interface.c.obj
                0x10005de8                usbd_app_driver_get_cb
 .text.tud_cdc_line_coding_cb
                0x10005df4       0x28 CMakeFiles/i2c_slave_test.dir/P_/Documents/RasPi_Pico/pico-sdk/src/rp2_common/pico_stdio_usb/reset_interface.c.obj
                0x10005df4                tud_cdc_line_coding_cb
 .text.stdio_usb_in_chars
                0x10005e1c       0x70 CMakeFiles/i2c_slave_test.dir/P_/Documents/RasPi_Pico/pico-sdk/src/rp2_common/pico_stdio_usb/stdio_usb.c.obj
                0x10005e1c                stdio_usb_in_chars
 .text.low_priority_worker_irq
                0x10005e8c       0x20 CMakeFiles/i2c_slave_test.dir/P_/Documents/RasPi_Pico/pico-sdk/src/rp2_common/pico_stdio_usb/stdio_usb.c.obj
 .text.stdio_usb_out_chars
                0x10005eac       0xd4 CMakeFiles/i2c_slave_test.dir/P_/Documents/RasPi_Pico/pico-sdk/src/rp2_common/pico_stdio_usb/stdio_usb.c.obj
 .text.timer_task
                0x10005f80       0x10 CMakeFiles/i2c_slave_test.dir/P_/Documents/RasPi_Pico/pico-sdk/src/rp2_common/pico_stdio_usb/stdio_usb.c.obj
 .text.stdio_usb_init
                0x10005f90       0xb8 CMakeFiles/i2c_slave_test.dir/P_/Documents/RasPi_Pico/pico-sdk/src/rp2_common/pico_stdio_usb/stdio_usb.c.obj
                0x10005f90                stdio_usb_init
 .text.tud_descriptor_device_cb
                0x10006048        0x8 CMakeFiles/i2c_slave_test.dir/P_/Documents/RasPi_Pico/pico-sdk/src/rp2_common/pico_stdio_usb/stdio_usb_descriptors.c.obj
                0x10006048                tud_descriptor_device_cb
 .text.tud_descriptor_configuration_cb
                0x10006050        0x8 CMakeFiles/i2c_slave_test.dir/P_/Documents/RasPi_Pico/pico-sdk/src/rp2_common/pico_stdio_usb/stdio_usb_descriptors.c.obj
                0x10006050                tud_descriptor_configuration_cb
 .text.tud_descriptor_string_cb
                0x10006058       0x50 CMakeFiles/i2c_slave_test.dir/P_/Documents/RasPi_Pico/pico-sdk/src/rp2_common/pico_stdio_usb/stdio_usb_descriptors.c.obj
                0x10006058                tud_descriptor_string_cb
 .text.hw_endpoint_get_by_addr
                0x100060a8       0x1c CMakeFiles/i2c_slave_test.dir/P_/Documents/RasPi_Pico/pico-sdk/lib/tinyusb/src/portable/raspberrypi/rp2040/dcd_rp2040.c.obj
 .text.reset_ep0
                0x100060c4       0x2c CMakeFiles/i2c_slave_test.dir/P_/Documents/RasPi_Pico/pico-sdk/lib/tinyusb/src/portable/raspberrypi/rp2040/dcd_rp2040.c.obj
 .text._hw_endpoint_alloc
                0x100060f0       0x7c CMakeFiles/i2c_slave_test.dir/P_/Documents/RasPi_Pico/pico-sdk/lib/tinyusb/src/portable/raspberrypi/rp2040/dcd_rp2040.c.obj
 .text._hw_endpoint_init
                0x1000616c       0xbc CMakeFiles/i2c_slave_test.dir/P_/Documents/RasPi_Pico/pico-sdk/lib/tinyusb/src/portable/raspberrypi/rp2040/dcd_rp2040.c.obj
 .text.hw_endpoint_init
                0x10006228       0x18 CMakeFiles/i2c_slave_test.dir/P_/Documents/RasPi_Pico/pico-sdk/lib/tinyusb/src/portable/raspberrypi/rp2040/dcd_rp2040.c.obj
 .text.hw_handle_buff_status
                0x10006240       0xb8 CMakeFiles/i2c_slave_test.dir/P_/Documents/RasPi_Pico/pico-sdk/lib/tinyusb/src/portable/raspberrypi/rp2040/dcd_rp2040.c.obj
 .text.dcd_rp2040_irq
                0x100062f8       0x8c CMakeFiles/i2c_slave_test.dir/P_/Documents/RasPi_Pico/pico-sdk/lib/tinyusb/src/portable/raspberrypi/rp2040/dcd_rp2040.c.obj
 .text.hw_endpoint_xfer
                0x10006384       0x18 CMakeFiles/i2c_slave_test.dir/P_/Documents/RasPi_Pico/pico-sdk/lib/tinyusb/src/portable/raspberrypi/rp2040/dcd_rp2040.c.obj
 .text.ep0_0len_status
                0x1000639c       0x14 CMakeFiles/i2c_slave_test.dir/P_/Documents/RasPi_Pico/pico-sdk/lib/tinyusb/src/portable/raspberrypi/rp2040/dcd_rp2040.c.obj
 .text._hw_endpoint_stall
                0x100063b0       0x54 CMakeFiles/i2c_slave_test.dir/P_/Documents/RasPi_Pico/pico-sdk/lib/tinyusb/src/portable/raspberrypi/rp2040/dcd_rp2040.c.obj
 .text.hw_endpoint_stall
                0x10006404        0xc CMakeFiles/i2c_slave_test.dir/P_/Documents/RasPi_Pico/pico-sdk/lib/tinyusb/src/portable/raspberrypi/rp2040/dcd_rp2040.c.obj
 .text._hw_endpoint_clear_stall
                0x10006410       0x34 CMakeFiles/i2c_slave_test.dir/P_/Documents/RasPi_Pico/pico-sdk/lib/tinyusb/src/portable/raspberrypi/rp2040/dcd_rp2040.c.obj
 .text.hw_endpoint_clear_stall
                0x10006444        0xc CMakeFiles/i2c_slave_test.dir/P_/Documents/RasPi_Pico/pico-sdk/lib/tinyusb/src/portable/raspberrypi/rp2040/dcd_rp2040.c.obj
 .text.dcd_int_enable
                0x10006450       0x2c CMakeFiles/i2c_slave_test.dir/P_/Documents/RasPi_Pico/pico-sdk/lib/tinyusb/src/portable/raspberrypi/rp2040/dcd_rp2040.c.obj
                0x10006450                dcd_int_enable
 .text.dcd_set_address
                0x1000647c       0x30 CMakeFiles/i2c_slave_test.dir/P_/Documents/RasPi_Pico/pico-sdk/lib/tinyusb/src/portable/raspberrypi/rp2040/dcd_rp2040.c.obj
                0x1000647c                dcd_set_address
 .text.dcd_connect
                0x100064ac       0x30 CMakeFiles/i2c_slave_test.dir/P_/Documents/RasPi_Pico/pico-sdk/lib/tinyusb/src/portable/raspberrypi/rp2040/dcd_rp2040.c.obj
                0x100064ac                dcd_connect
 .text.dcd_init
                0x100064dc       0x90 CMakeFiles/i2c_slave_test.dir/P_/Documents/RasPi_Pico/pico-sdk/lib/tinyusb/src/portable/raspberrypi/rp2040/dcd_rp2040.c.obj
                0x100064dc                dcd_init
 .text.dcd_edpt0_status_complete
                0x1000656c       0x44 CMakeFiles/i2c_slave_test.dir/P_/Documents/RasPi_Pico/pico-sdk/lib/tinyusb/src/portable/raspberrypi/rp2040/dcd_rp2040.c.obj
                0x1000656c                dcd_edpt0_status_complete
 .text.dcd_edpt_open
                0x100065b0       0x40 CMakeFiles/i2c_slave_test.dir/P_/Documents/RasPi_Pico/pico-sdk/lib/tinyusb/src/portable/raspberrypi/rp2040/dcd_rp2040.c.obj
                0x100065b0                dcd_edpt_open
 .text.dcd_edpt_xfer
                0x100065f0       0x34 CMakeFiles/i2c_slave_test.dir/P_/Documents/RasPi_Pico/pico-sdk/lib/tinyusb/src/portable/raspberrypi/rp2040/dcd_rp2040.c.obj
                0x100065f0                dcd_edpt_xfer
 .text.dcd_edpt_stall
                0x10006624       0x28 CMakeFiles/i2c_slave_test.dir/P_/Documents/RasPi_Pico/pico-sdk/lib/tinyusb/src/portable/raspberrypi/rp2040/dcd_rp2040.c.obj
                0x10006624                dcd_edpt_stall
 .text.dcd_edpt_clear_stall
                0x1000664c       0x28 CMakeFiles/i2c_slave_test.dir/P_/Documents/RasPi_Pico/pico-sdk/lib/tinyusb/src/portable/raspberrypi/rp2040/dcd_rp2040.c.obj
                0x1000664c                dcd_edpt_clear_stall
 .text.rp2040_usb_init
                0x10006674       0x50 CMakeFiles/i2c_slave_test.dir/P_/Documents/RasPi_Pico/pico-sdk/lib/tinyusb/src/portable/raspberrypi/rp2040/rp2040_usb.c.obj
                0x10006674                rp2040_usb_init
 .text.hw_endpoint_reset_transfer
                0x100066c4       0x14 CMakeFiles/i2c_slave_test.dir/P_/Documents/RasPi_Pico/pico-sdk/lib/tinyusb/src/portable/raspberrypi/rp2040/rp2040_usb.c.obj
                0x100066c4                hw_endpoint_reset_transfer
 .text._hw_endpoint_buffer_control_update32
                0x100066d8       0x54 CMakeFiles/i2c_slave_test.dir/P_/Documents/RasPi_Pico/pico-sdk/lib/tinyusb/src/portable/raspberrypi/rp2040/rp2040_usb.c.obj
                0x100066d8                _hw_endpoint_buffer_control_update32
 .text._hw_endpoint_start_next_buffer
                0x1000672c       0x5a CMakeFiles/i2c_slave_test.dir/P_/Documents/RasPi_Pico/pico-sdk/lib/tinyusb/src/portable/raspberrypi/rp2040/rp2040_usb.c.obj
                0x1000672c                _hw_endpoint_start_next_buffer
 .text._hw_endpoint_xfer_start
                0x10006786       0x46 CMakeFiles/i2c_slave_test.dir/P_/Documents/RasPi_Pico/pico-sdk/lib/tinyusb/src/portable/raspberrypi/rp2040/rp2040_usb.c.obj
                0x10006786                _hw_endpoint_xfer_start
 .text._hw_endpoint_xfer_sync
                0x100067cc       0x74 CMakeFiles/i2c_slave_test.dir/P_/Documents/RasPi_Pico/pico-sdk/lib/tinyusb/src/portable/raspberrypi/rp2040/rp2040_usb.c.obj
                0x100067cc                _hw_endpoint_xfer_sync
 .text._hw_endpoint_xfer_continue
                0x10006840       0x58 CMakeFiles/i2c_slave_test.dir/P_/Documents/RasPi_Pico/pico-sdk/lib/tinyusb/src/portable/raspberrypi/rp2040/rp2040_usb.c.obj
                0x10006840                _hw_endpoint_xfer_continue
 .text._hw_endpoint_xfer
                0x10006898       0x34 CMakeFiles/i2c_slave_test.dir/P_/Documents/RasPi_Pico/pico-sdk/lib/tinyusb/src/portable/raspberrypi/rp2040/rp2040_usb.c.obj
                0x10006898                _hw_endpoint_xfer
 .text.mark_interface_endpoint
                0x100068cc       0x2a CMakeFiles/i2c_slave_test.dir/P_/Documents/RasPi_Pico/pico-sdk/lib/tinyusb/src/device/usbd.c.obj
 *fill*         0x100068f6        0x2 
 .text.usbd_reset
                0x100068f8       0x88 CMakeFiles/i2c_slave_test.dir/P_/Documents/RasPi_Pico/pico-sdk/lib/tinyusb/src/device/usbd.c.obj
 .text.invoke_class_control
                0x10006980       0x18 CMakeFiles/i2c_slave_test.dir/P_/Documents/RasPi_Pico/pico-sdk/lib/tinyusb/src/device/usbd.c.obj
 .text.process_set_config
                0x10006998      0x1d0 CMakeFiles/i2c_slave_test.dir/P_/Documents/RasPi_Pico/pico-sdk/lib/tinyusb/src/device/usbd.c.obj
 .text.process_get_descriptor
                0x10006b68       0xf4 CMakeFiles/i2c_slave_test.dir/P_/Documents/RasPi_Pico/pico-sdk/lib/tinyusb/src/device/usbd.c.obj
 .text.tud_mounted
                0x10006c5c       0x10 CMakeFiles/i2c_slave_test.dir/P_/Documents/RasPi_Pico/pico-sdk/lib/tinyusb/src/device/usbd.c.obj
                0x10006c5c                tud_mounted
 .text.tud_suspended
                0x10006c6c       0x10 CMakeFiles/i2c_slave_test.dir/P_/Documents/RasPi_Pico/pico-sdk/lib/tinyusb/src/device/usbd.c.obj
                0x10006c6c                tud_suspended
 .text.tud_init
                0x10006c7c       0xb8 CMakeFiles/i2c_slave_test.dir/P_/Documents/RasPi_Pico/pico-sdk/lib/tinyusb/src/device/usbd.c.obj
                0x10006c7c                tud_init
 .text.dcd_event_handler
                0x10006d34      0x1c4 CMakeFiles/i2c_slave_test.dir/P_/Documents/RasPi_Pico/pico-sdk/lib/tinyusb/src/device/usbd.c.obj
                0x10006d34                dcd_event_handler
 .text.dcd_event_bus_signal
                0x10006ef8       0x26 CMakeFiles/i2c_slave_test.dir/P_/Documents/RasPi_Pico/pico-sdk/lib/tinyusb/src/device/usbd.c.obj
                0x10006ef8                dcd_event_bus_signal
 .text.dcd_event_setup_received
                0x10006f1e       0x34 CMakeFiles/i2c_slave_test.dir/P_/Documents/RasPi_Pico/pico-sdk/lib/tinyusb/src/device/usbd.c.obj
                0x10006f1e                dcd_event_setup_received
 .text.dcd_event_xfer_complete
                0x10006f52       0x44 CMakeFiles/i2c_slave_test.dir/P_/Documents/RasPi_Pico/pico-sdk/lib/tinyusb/src/device/usbd.c.obj
                0x10006f52                dcd_event_xfer_complete
 .text.usbd_edpt_open
                0x10006f96        0x8 CMakeFiles/i2c_slave_test.dir/P_/Documents/RasPi_Pico/pico-sdk/lib/tinyusb/src/device/usbd.c.obj
                0x10006f96                usbd_edpt_open
 *fill*         0x10006f9e        0x2 
 .text.usbd_open_edpt_pair
                0x10006fa0       0x8c CMakeFiles/i2c_slave_test.dir/P_/Documents/RasPi_Pico/pico-sdk/lib/tinyusb/src/device/usbd.c.obj
                0x10006fa0                usbd_open_edpt_pair
 .text.usbd_edpt_claim
                0x1000702c       0x8c CMakeFiles/i2c_slave_test.dir/P_/Documents/RasPi_Pico/pico-sdk/lib/tinyusb/src/device/usbd.c.obj
                0x1000702c                usbd_edpt_claim
 .text.usbd_edpt_release
                0x100070b8       0x68 CMakeFiles/i2c_slave_test.dir/P_/Documents/RasPi_Pico/pico-sdk/lib/tinyusb/src/device/usbd.c.obj
                0x100070b8                usbd_edpt_release
 .text.usbd_edpt_xfer
                0x10007120       0x80 CMakeFiles/i2c_slave_test.dir/P_/Documents/RasPi_Pico/pico-sdk/lib/tinyusb/src/device/usbd.c.obj
                0x10007120                usbd_edpt_xfer
 .text.usbd_edpt_stall
                0x100071a0       0x2c CMakeFiles/i2c_slave_test.dir/P_/Documents/RasPi_Pico/pico-sdk/lib/tinyusb/src/device/usbd.c.obj
                0x100071a0                usbd_edpt_stall
 .text.usbd_edpt_clear_stall
                0x100071cc       0x2c CMakeFiles/i2c_slave_test.dir/P_/Documents/RasPi_Pico/pico-sdk/lib/tinyusb/src/device/usbd.c.obj
                0x100071cc                usbd_edpt_clear_stall
 .text.usbd_edpt_stalled
                0x100071f8       0x1c CMakeFiles/i2c_slave_test.dir/P_/Documents/RasPi_Pico/pico-sdk/lib/tinyusb/src/device/usbd.c.obj
                0x100071f8                usbd_edpt_stalled
 .text.process_control_request
                0x10007214      0x37c CMakeFiles/i2c_slave_test.dir/P_/Documents/RasPi_Pico/pico-sdk/lib/tinyusb/src/device/usbd.c.obj
 .text.tud_task
                0x10007590      0x204 CMakeFiles/i2c_slave_test.dir/P_/Documents/RasPi_Pico/pico-sdk/lib/tinyusb/src/device/usbd.c.obj
                0x10007590                tud_task
 .text._data_stage_xact
                0x10007794       0x58 CMakeFiles/i2c_slave_test.dir/P_/Documents/RasPi_Pico/pico-sdk/lib/tinyusb/src/device/usbd_control.c.obj
 .text.tud_control_status
                0x100077ec       0x38 CMakeFiles/i2c_slave_test.dir/P_/Documents/RasPi_Pico/pico-sdk/lib/tinyusb/src/device/usbd_control.c.obj
                0x100077ec                tud_control_status
 .text.tud_control_xfer
                0x10007824       0xa8 CMakeFiles/i2c_slave_test.dir/P_/Documents/RasPi_Pico/pico-sdk/lib/tinyusb/src/device/usbd_control.c.obj
                0x10007824                tud_control_xfer
 .text.usbd_control_reset
                0x100078cc       0x14 CMakeFiles/i2c_slave_test.dir/P_/Documents/RasPi_Pico/pico-sdk/lib/tinyusb/src/device/usbd_control.c.obj
                0x100078cc                usbd_control_reset
 .text.usbd_control_set_complete_callback
                0x100078e0        0xc CMakeFiles/i2c_slave_test.dir/P_/Documents/RasPi_Pico/pico-sdk/lib/tinyusb/src/device/usbd_control.c.obj
                0x100078e0                usbd_control_set_complete_callback
 .text.usbd_control_set_request
                0x100078ec       0x1c CMakeFiles/i2c_slave_test.dir/P_/Documents/RasPi_Pico/pico-sdk/lib/tinyusb/src/device/usbd_control.c.obj
                0x100078ec                usbd_control_set_request
 .text.usbd_control_xfer_cb
                0x10007908       0xe8 CMakeFiles/i2c_slave_test.dir/P_/Documents/RasPi_Pico/pico-sdk/lib/tinyusb/src/device/usbd_control.c.obj
                0x10007908                usbd_control_xfer_cb
 .text._prep_out_transaction
                0x100079f0       0x46 CMakeFiles/i2c_slave_test.dir/P_/Documents/RasPi_Pico/pico-sdk/lib/tinyusb/src/class/cdc/cdc_device.c.obj
 *fill*         0x10007a36        0x2 
 .text.tud_cdc_n_connected
                0x10007a38       0x48 CMakeFiles/i2c_slave_test.dir/P_/Documents/RasPi_Pico/pico-sdk/lib/tinyusb/src/class/cdc/cdc_device.c.obj
                0x10007a38                tud_cdc_n_connected
 .text.tud_cdc_n_available
                0x10007a80       0x20 CMakeFiles/i2c_slave_test.dir/P_/Documents/RasPi_Pico/pico-sdk/lib/tinyusb/src/class/cdc/cdc_device.c.obj
                0x10007a80                tud_cdc_n_available
 .text.tud_cdc_n_read
                0x10007aa0       0x30 CMakeFiles/i2c_slave_test.dir/P_/Documents/RasPi_Pico/pico-sdk/lib/tinyusb/src/class/cdc/cdc_device.c.obj
                0x10007aa0                tud_cdc_n_read
 .text.tud_cdc_n_write_flush
                0x10007ad0       0xc4 CMakeFiles/i2c_slave_test.dir/P_/Documents/RasPi_Pico/pico-sdk/lib/tinyusb/src/class/cdc/cdc_device.c.obj
                0x10007ad0                tud_cdc_n_write_flush
 .text.tud_cdc_n_write
                0x10007b94       0x38 CMakeFiles/i2c_slave_test.dir/P_/Documents/RasPi_Pico/pico-sdk/lib/tinyusb/src/class/cdc/cdc_device.c.obj
                0x10007b94                tud_cdc_n_write
 .text.tud_cdc_n_write_available
                0x10007bcc       0x20 CMakeFiles/i2c_slave_test.dir/P_/Documents/RasPi_Pico/pico-sdk/lib/tinyusb/src/class/cdc/cdc_device.c.obj
                0x10007bcc                tud_cdc_n_write_available
 .text.cdcd_init
                0x10007bec       0xdc CMakeFiles/i2c_slave_test.dir/P_/Documents/RasPi_Pico/pico-sdk/lib/tinyusb/src/class/cdc/cdc_device.c.obj
                0x10007bec                cdcd_init
 .text.cdcd_reset
                0x10007cc8       0x44 CMakeFiles/i2c_slave_test.dir/P_/Documents/RasPi_Pico/pico-sdk/lib/tinyusb/src/class/cdc/cdc_device.c.obj
                0x10007cc8                cdcd_reset
 .text.cdcd_open
                0x10007d0c      0x118 CMakeFiles/i2c_slave_test.dir/P_/Documents/RasPi_Pico/pico-sdk/lib/tinyusb/src/class/cdc/cdc_device.c.obj
                0x10007d0c                cdcd_open
 .text.cdcd_control_complete
                0x10007e24       0x60 CMakeFiles/i2c_slave_test.dir/P_/Documents/RasPi_Pico/pico-sdk/lib/tinyusb/src/class/cdc/cdc_device.c.obj
                0x10007e24                cdcd_control_complete
 .text.cdcd_control_request
                0x10007e84       0x9c CMakeFiles/i2c_slave_test.dir/P_/Documents/RasPi_Pico/pico-sdk/lib/tinyusb/src/class/cdc/cdc_device.c.obj
                0x10007e84                cdcd_control_request
 .text.cdcd_xfer_cb
                0x10007f20      0x130 CMakeFiles/i2c_slave_test.dir/P_/Documents/RasPi_Pico/pico-sdk/lib/tinyusb/src/class/cdc/cdc_device.c.obj
                0x10007f20                cdcd_xfer_cb
 .text.tusb_init
                0x10008050       0x38 CMakeFiles/i2c_slave_test.dir/P_/Documents/RasPi_Pico/pico-sdk/lib/tinyusb/src/tusb.c.obj
                0x10008050                tusb_init
 .text.tusb_inited
                0x10008088        0xc CMakeFiles/i2c_slave_test.dir/P_/Documents/RasPi_Pico/pico-sdk/lib/tinyusb/src/tusb.c.obj
                0x10008088                tusb_inited
 .text.advance_pointer
                0x10008094       0x1e CMakeFiles/i2c_slave_test.dir/P_/Documents/RasPi_Pico/pico-sdk/lib/tinyusb/src/common/tusb_fifo.c.obj
 .text.backward_pointer
                0x100080b2       0x1a CMakeFiles/i2c_slave_test.dir/P_/Documents/RasPi_Pico/pico-sdk/lib/tinyusb/src/common/tusb_fifo.c.obj
 .text.get_relative_pointer
                0x100080cc       0x16 CMakeFiles/i2c_slave_test.dir/P_/Documents/RasPi_Pico/pico-sdk/lib/tinyusb/src/common/tusb_fifo.c.obj
 .text.tu_fifo_lock
                0x100080e2       0x12 CMakeFiles/i2c_slave_test.dir/P_/Documents/RasPi_Pico/pico-sdk/lib/tinyusb/src/common/tusb_fifo.c.obj
 .text.tu_fifo_unlock
                0x100080f4        0xe CMakeFiles/i2c_slave_test.dir/P_/Documents/RasPi_Pico/pico-sdk/lib/tinyusb/src/common/tusb_fifo.c.obj
 .text._tu_fifo_peek_at
                0x10008102       0x66 CMakeFiles/i2c_slave_test.dir/P_/Documents/RasPi_Pico/pico-sdk/lib/tinyusb/src/common/tusb_fifo.c.obj
 .text._ff_pull_n
                0x10008168       0x4a CMakeFiles/i2c_slave_test.dir/P_/Documents/RasPi_Pico/pico-sdk/lib/tinyusb/src/common/tusb_fifo.c.obj
 .text._tu_fifo_peek_at_n
                0x100081b2       0x72 CMakeFiles/i2c_slave_test.dir/P_/Documents/RasPi_Pico/pico-sdk/lib/tinyusb/src/common/tusb_fifo.c.obj
 .text._ff_push_n
                0x10008224       0x4a CMakeFiles/i2c_slave_test.dir/P_/Documents/RasPi_Pico/pico-sdk/lib/tinyusb/src/common/tusb_fifo.c.obj
 .text.tu_fifo_config
                0x1000826e       0x48 CMakeFiles/i2c_slave_test.dir/P_/Documents/RasPi_Pico/pico-sdk/lib/tinyusb/src/common/tusb_fifo.c.obj
                0x1000826e                tu_fifo_config
 .text.tu_fifo_count
                0x100082b6       0x1c CMakeFiles/i2c_slave_test.dir/P_/Documents/RasPi_Pico/pico-sdk/lib/tinyusb/src/common/tusb_fifo.c.obj
                0x100082b6                tu_fifo_count
 .text.tu_fifo_remaining
                0x100082d2       0x20 CMakeFiles/i2c_slave_test.dir/P_/Documents/RasPi_Pico/pico-sdk/lib/tinyusb/src/common/tusb_fifo.c.obj
                0x100082d2                tu_fifo_remaining
 .text.tu_fifo_read
                0x100082f2       0x3a CMakeFiles/i2c_slave_test.dir/P_/Documents/RasPi_Pico/pico-sdk/lib/tinyusb/src/common/tusb_fifo.c.obj
                0x100082f2                tu_fifo_read
 .text.tu_fifo_read_n
                0x1000832c       0x3e CMakeFiles/i2c_slave_test.dir/P_/Documents/RasPi_Pico/pico-sdk/lib/tinyusb/src/common/tusb_fifo.c.obj
                0x1000832c                tu_fifo_read_n
 .text.tu_fifo_write
                0x1000836a       0x5c CMakeFiles/i2c_slave_test.dir/P_/Documents/RasPi_Pico/pico-sdk/lib/tinyusb/src/common/tusb_fifo.c.obj
                0x1000836a                tu_fifo_write
 .text.tu_fifo_write_n
                0x100083c6       0x7c CMakeFiles/i2c_slave_test.dir/P_/Documents/RasPi_Pico/pico-sdk/lib/tinyusb/src/common/tusb_fifo.c.obj
                0x100083c6                tu_fifo_write_n
 .text.tu_fifo_clear
                0x10008442       0x18 CMakeFiles/i2c_slave_test.dir/P_/Documents/RasPi_Pico/pico-sdk/lib/tinyusb/src/common/tusb_fifo.c.obj
                0x10008442                tu_fifo_clear
 .text.i2c_write_blocking_internal
                0x1000845a       0xfa CMakeFiles/i2c_slave_test.dir/P_/Documents/RasPi_Pico/pico-sdk/src/rp2_common/hardware_i2c/i2c.c.obj
 .text.i2c_read_blocking_internal
                0x10008554       0xe6 CMakeFiles/i2c_slave_test.dir/P_/Documents/RasPi_Pico/pico-sdk/src/rp2_common/hardware_i2c/i2c.c.obj
 .text.i2c_set_baudrate
                0x1000863a       0x68 CMakeFiles/i2c_slave_test.dir/P_/Documents/RasPi_Pico/pico-sdk/src/rp2_common/hardware_i2c/i2c.c.obj
                0x1000863a                i2c_set_baudrate
 *fill*         0x100086a2        0x2 
 .text.i2c_init
                0x100086a4       0x54 CMakeFiles/i2c_slave_test.dir/P_/Documents/RasPi_Pico/pico-sdk/src/rp2_common/hardware_i2c/i2c.c.obj
                0x100086a4                i2c_init
 .text.i2c_set_slave_mode
                0x100086f8       0x32 CMakeFiles/i2c_slave_test.dir/P_/Documents/RasPi_Pico/pico-sdk/src/rp2_common/hardware_i2c/i2c.c.obj
                0x100086f8                i2c_set_slave_mode
 .text.i2c_write_blocking_until
                0x1000872a       0x3e CMakeFiles/i2c_slave_test.dir/P_/Documents/RasPi_Pico/pico-sdk/src/rp2_common/hardware_i2c/i2c.c.obj
                0x1000872a                i2c_write_blocking_until
 .text.i2c_read_blocking_until
                0x10008768       0x3e CMakeFiles/i2c_slave_test.dir/P_/Documents/RasPi_Pico/pico-sdk/src/rp2_common/hardware_i2c/i2c.c.obj
                0x10008768                i2c_read_blocking_until
 .text.core1_trampoline
                0x100087a6        0x2 CMakeFiles/i2c_slave_test.dir/P_/Documents/RasPi_Pico/pico-sdk/src/rp2_common/pico_multicore/multicore.c.obj
 .text.core1_wrapper
                0x100087a8        0xc CMakeFiles/i2c_slave_test.dir/P_/Documents/RasPi_Pico/pico-sdk/src/rp2_common/pico_multicore/multicore.c.obj
                0x100087a8                core1_wrapper
 .text.multicore_fifo_push_blocking
                0x100087b4       0x14 CMakeFiles/i2c_slave_test.dir/P_/Documents/RasPi_Pico/pico-sdk/src/rp2_common/pico_multicore/multicore.c.obj
                0x100087b4                multicore_fifo_push_blocking
 .text.multicore_fifo_pop_blocking
                0x100087c8       0x16 CMakeFiles/i2c_slave_test.dir/P_/Documents/RasPi_Pico/pico-sdk/src/rp2_common/pico_multicore/multicore.c.obj
                0x100087c8                multicore_fifo_pop_blocking
 .text.multicore_launch_core1_raw
                0x100087de       0x50 CMakeFiles/i2c_slave_test.dir/P_/Documents/RasPi_Pico/pico-sdk/src/rp2_common/pico_multicore/multicore.c.obj
                0x100087de                multicore_launch_core1_raw
 *fill*         0x1000882e        0x2 
 .text.multicore_launch_core1_with_stack
                0x10008830       0x50 CMakeFiles/i2c_slave_test.dir/P_/Documents/RasPi_Pico/pico-sdk/src/rp2_common/pico_multicore/multicore.c.obj
                0x10008830                multicore_launch_core1_with_stack
 .text.multicore_launch_core1
                0x10008880       0x24 CMakeFiles/i2c_slave_test.dir/P_/Documents/RasPi_Pico/pico-sdk/src/rp2_common/pico_multicore/multicore.c.obj
                0x10008880                multicore_launch_core1
 .text.strlen   0x100088a4       0x5c e:/progra~2/gnuarm~1/102020~1/bin/../lib/gcc/arm-none-eabi/10.2.1/../../../../arm-none-eabi/lib/thumb/v6-m/nofp\libg.a(lib_a-strlen-stub.o)
                0x100088a4                strlen
 *(.fini)
 .fini          0x10008900        0x4 e:/progra~2/gnuarm~1/102020~1/bin/../lib/gcc/arm-none-eabi/10.2.1/thumb/v6-m/nofp/crti.o
                0x10008900                _fini
 *fill*         0x10008904        0x4 
 .fini.__stub   0x10008908       0x60 linker stubs
 *crtbegin.o(.ctors)
 *crtbegin?.o(.ctors)
 *(EXCLUDE_FILE(*crtend.o *crtend?.o) .ctors)
 *(SORT_BY_NAME(.ctors.*))
 *(.ctors)
 *crtbegin.o(.dtors)
 *crtbegin?.o(.dtors)
 *(EXCLUDE_FILE(*crtend.o *crtend?.o) .dtors)
 *(SORT_BY_NAME(.dtors.*))
 *(.dtors)
 *(.eh_frame*)
 .eh_frame      0x10008968        0x0 e:/progra~2/gnuarm~1/102020~1/bin/../lib/gcc/arm-none-eabi/10.2.1/thumb/v6-m/nofp/crtbegin.o
                0x10008968                . = ALIGN (0x4)

.glue_7         0x10008968        0x0
 .glue_7        0x10008968        0x0 linker stubs

.glue_7t        0x10008968        0x0
 .glue_7t       0x10008968        0x0 linker stubs

.vfp11_veneer   0x10008968        0x0
 .vfp11_veneer  0x10008968        0x0 linker stubs

.v4_bx          0x10008968        0x0
 .v4_bx         0x10008968        0x0 linker stubs

.iplt           0x10008968        0x0
 .iplt          0x10008968        0x0 e:/progra~2/gnuarm~1/102020~1/bin/../lib/gcc/arm-none-eabi/10.2.1/thumb/v6-m/nofp/crtbegin.o

.rodata         0x10008968     0x167c
 *(EXCLUDE_FILE(*libm.a: *libc.a:*lib_a-mem*.o *libgcc.a:) .rodata*)
 .rodata._Z20core1_entry_i2cSlavev.str1.4
                0x10008968       0x35 CMakeFiles/i2c_slave_test.dir/i2c-slave.cpp.obj
 *fill*         0x1000899d        0x3 
 .rodata._ZN16Adafruit_ADS101532readADC_SingleEnded_NON_BLOCKINGEh.str1.4
                0x100089a0       0x9b CMakeFiles/i2c_slave_test.dir/i2c-slave.cpp.obj
 *fill*         0x10008a3b        0x1 
 .rodata._ZN16InputPortManager6updateEv.str1.4
                0x10008a3c       0x3d CMakeFiles/i2c_slave_test.dir/i2c-slave.cpp.obj
 *fill*         0x10008a79        0x3 
 .rodata.main.str1.4
                0x10008a7c       0x59 CMakeFiles/i2c_slave_test.dir/i2c-slave.cpp.obj
 *fill*         0x10008ad5        0x3 
 .rodata        0x10008ad8        0x8 CMakeFiles/i2c_slave_test.dir/i2c-slave.cpp.obj
 .rodata.spin_lock_claim_unused.str1.4
                0x10008ae0       0x1b CMakeFiles/i2c_slave_test.dir/P_/Documents/RasPi_Pico/pico-sdk/src/rp2_common/hardware_sync/sync.c.obj
 *fill*         0x10008afb        0x1 
 .rodata.repeating_timer_callback.str1.4
                0x10008afc       0x51 CMakeFiles/i2c_slave_test.dir/P_/Documents/RasPi_Pico/pico-sdk/src/common/pico_time/time.c.obj
 *fill*         0x10008b4d        0x3 
 .rodata.alarm_pool_dump_key.str1.4
                0x10008b50       0x33 CMakeFiles/i2c_slave_test.dir/P_/Documents/RasPi_Pico/pico-sdk/src/common/pico_time/time.c.obj
 *fill*         0x10008b83        0x1 
 .rodata.ph_add_child_node.str1.4
                0x10008b84       0x96 CMakeFiles/i2c_slave_test.dir/P_/Documents/RasPi_Pico/pico-sdk/src/common/pico_time/time.c.obj
 *fill*         0x10008c1a        0x2 
 .rodata.add_alarm_under_lock.str1.4
                0x10008c1c       0x28 CMakeFiles/i2c_slave_test.dir/P_/Documents/RasPi_Pico/pico-sdk/src/common/pico_time/time.c.obj
                                 0x2b (size before relaxing)
 .rodata.alarm_pool_alarm_callback.str1.4
                0x10008c44       0x82 CMakeFiles/i2c_slave_test.dir/P_/Documents/RasPi_Pico/pico-sdk/src/common/pico_time/time.c.obj
                                 0xe6 (size before relaxing)
 *fill*         0x10008cc6        0x2 
 .rodata.alarm_pool_get_default.str1.4
                0x10008cc8       0x21 CMakeFiles/i2c_slave_test.dir/P_/Documents/RasPi_Pico/pico-sdk/src/common/pico_time/time.c.obj
 *fill*         0x10008ce9        0x3 
 .rodata.alarm_pool_cancel_alarm.str1.4
                0x10008cec       0x27 CMakeFiles/i2c_slave_test.dir/P_/Documents/RasPi_Pico/pico-sdk/src/common/pico_time/time.c.obj
 *fill*         0x10008d13        0x1 
 .rodata.sleep_until.str1.4
                0x10008d14       0x4d CMakeFiles/i2c_slave_test.dir/P_/Documents/RasPi_Pico/pico-sdk/src/common/pico_time/time.c.obj
 *fill*         0x10008d61        0x3 
 .rodata.__func__.0
                0x10008d64       0x19 CMakeFiles/i2c_slave_test.dir/P_/Documents/RasPi_Pico/pico-sdk/src/common/pico_time/time.c.obj
 *fill*         0x10008d7d        0x3 
 .rodata.__func__.1
                0x10008d80       0x18 CMakeFiles/i2c_slave_test.dir/P_/Documents/RasPi_Pico/pico-sdk/src/common/pico_time/time.c.obj
 .rodata.__func__.10
                0x10008d98       0x15 CMakeFiles/i2c_slave_test.dir/P_/Documents/RasPi_Pico/pico-sdk/src/common/pico_time/time.c.obj
 *fill*         0x10008dad        0x3 
 .rodata.__func__.11
                0x10008db0       0x1a CMakeFiles/i2c_slave_test.dir/P_/Documents/RasPi_Pico/pico-sdk/src/common/pico_time/time.c.obj
 *fill*         0x10008dca        0x2 
 .rodata.__func__.12
                0x10008dcc        0xa CMakeFiles/i2c_slave_test.dir/P_/Documents/RasPi_Pico/pico-sdk/src/common/pico_time/time.c.obj
 *fill*         0x10008dd6        0x2 
 .rodata.__func__.3
                0x10008dd8       0x17 CMakeFiles/i2c_slave_test.dir/P_/Documents/RasPi_Pico/pico-sdk/src/common/pico_time/time.c.obj
 *fill*         0x10008def        0x1 
 .rodata.__func__.4
                0x10008df0       0x12 CMakeFiles/i2c_slave_test.dir/P_/Documents/RasPi_Pico/pico-sdk/src/common/pico_time/time.c.obj
 *fill*         0x10008e02        0x2 
 .rodata.__func__.5
                0x10008e04        0xd CMakeFiles/i2c_slave_test.dir/P_/Documents/RasPi_Pico/pico-sdk/src/common/pico_time/time.c.obj
 *fill*         0x10008e11        0x3 
 .rodata.__func__.6
                0x10008e14       0x12 CMakeFiles/i2c_slave_test.dir/P_/Documents/RasPi_Pico/pico-sdk/src/common/pico_time/time.c.obj
 *fill*         0x10008e26        0x2 
 .rodata.__func__.7
                0x10008e28        0xf CMakeFiles/i2c_slave_test.dir/P_/Documents/RasPi_Pico/pico-sdk/src/common/pico_time/time.c.obj
 *fill*         0x10008e37        0x1 
 .rodata.__func__.8
                0x10008e38        0xc CMakeFiles/i2c_slave_test.dir/P_/Documents/RasPi_Pico/pico-sdk/src/common/pico_time/time.c.obj
 .rodata.__func__.9
                0x10008e44       0x15 CMakeFiles/i2c_slave_test.dir/P_/Documents/RasPi_Pico/pico-sdk/src/common/pico_time/time.c.obj
 *fill*         0x10008e59        0x3 
 .rodata.hardware_alarm_claim.str1.4
                0x10008e5c       0x22 CMakeFiles/i2c_slave_test.dir/P_/Documents/RasPi_Pico/pico-sdk/src/rp2_common/hardware_timer/timer.c.obj
 *fill*         0x10008e7e        0x2 
 .rodata.hardware_alarm_set_target.str1.4
                0x10008e80       0x6b CMakeFiles/i2c_slave_test.dir/P_/Documents/RasPi_Pico/pico-sdk/src/rp2_common/hardware_timer/timer.c.obj
 *fill*         0x10008eeb        0x1 
 .rodata.__func__.0
                0x10008eec       0x1a CMakeFiles/i2c_slave_test.dir/P_/Documents/RasPi_Pico/pico-sdk/src/rp2_common/hardware_timer/timer.c.obj
 *fill*         0x10008f06        0x2 
 .rodata.str1.4
                0x10008f08       0x64 CMakeFiles/i2c_slave_test.dir/P_/Documents/RasPi_Pico/pico-sdk/src/common/pico_sync/mutex.c.obj
                                 0xc8 (size before relaxing)
 .rodata.__func__.0
                0x10008f6c        0xb CMakeFiles/i2c_slave_test.dir/P_/Documents/RasPi_Pico/pico-sdk/src/common/pico_sync/mutex.c.obj
 *fill*         0x10008f77        0x1 
 .rodata.__func__.1
                0x10008f78       0x18 CMakeFiles/i2c_slave_test.dir/P_/Documents/RasPi_Pico/pico-sdk/src/common/pico_sync/mutex.c.obj
 .rodata.__func__.2
                0x10008f90       0x15 CMakeFiles/i2c_slave_test.dir/P_/Documents/RasPi_Pico/pico-sdk/src/common/pico_sync/mutex.c.obj
 *fill*         0x10008fa5        0x3 
 .rodata.__func__.3
                0x10008fa8       0x15 CMakeFiles/i2c_slave_test.dir/P_/Documents/RasPi_Pico/pico-sdk/src/common/pico_sync/mutex.c.obj
 .rodata.ph_add_child_node.str1.4
                0x10008fbd       0x96 CMakeFiles/i2c_slave_test.dir/P_/Documents/RasPi_Pico/pico-sdk/src/common/pico_util/pheap.c.obj
 *fill*         0x10008fbd        0x3 
 .rodata.ph_remove_any_head.str1.4
                0x10008fc0       0x94 CMakeFiles/i2c_slave_test.dir/P_/Documents/RasPi_Pico/pico-sdk/src/common/pico_util/pheap.c.obj
 .rodata.ph_remove_and_free_node.str1.4
                0x10009054       0x26 CMakeFiles/i2c_slave_test.dir/P_/Documents/RasPi_Pico/pico-sdk/src/common/pico_util/pheap.c.obj
 *fill*         0x1000907a        0x2 
 .rodata.__func__.0
                0x1000907c       0x18 CMakeFiles/i2c_slave_test.dir/P_/Documents/RasPi_Pico/pico-sdk/src/common/pico_util/pheap.c.obj
 .rodata.__func__.1
                0x10009094       0x13 CMakeFiles/i2c_slave_test.dir/P_/Documents/RasPi_Pico/pico-sdk/src/common/pico_util/pheap.c.obj
 *fill*         0x100090a7        0x1 
 .rodata.__func__.2
                0x100090a8       0x12 CMakeFiles/i2c_slave_test.dir/P_/Documents/RasPi_Pico/pico-sdk/src/common/pico_util/pheap.c.obj
 *fill*         0x100090ba        0x2 
 .rodata.__func__.3
                0x100090bc        0xc CMakeFiles/i2c_slave_test.dir/P_/Documents/RasPi_Pico/pico-sdk/src/common/pico_util/pheap.c.obj
 .rodata.__assert_func.str1.4
                0x100090c8       0x3f CMakeFiles/i2c_slave_test.dir/P_/Documents/RasPi_Pico/pico-sdk/src/rp2_common/pico_runtime/runtime.c.obj
                                 0x43 (size before relaxing)
 *fill*         0x10009107        0x1 
 .rodata.panic.str1.4
                0x10009108       0x12 CMakeFiles/i2c_slave_test.dir/P_/Documents/RasPi_Pico/pico-sdk/src/rp2_common/pico_runtime/runtime.c.obj
 *fill*         0x1000911a        0x2 
 .rodata.clock_configure.str1.4
                0x1000911c       0x5d CMakeFiles/i2c_slave_test.dir/P_/Documents/RasPi_Pico/pico-sdk/src/rp2_common/hardware_clocks/clocks.c.obj
 *fill*         0x10009179        0x3 
 .rodata.__func__.1
                0x1000917c       0x10 CMakeFiles/i2c_slave_test.dir/P_/Documents/RasPi_Pico/pico-sdk/src/rp2_common/hardware_clocks/clocks.c.obj
 .rodata.pll_init.str1.4
                0x1000918c       0xdf CMakeFiles/i2c_slave_test.dir/P_/Documents/RasPi_Pico/pico-sdk/src/rp2_common/hardware_pll/pll.c.obj
 *fill*         0x1000926b        0x1 
 .rodata.__func__.0
                0x1000926c        0x9 CMakeFiles/i2c_slave_test.dir/P_/Documents/RasPi_Pico/pico-sdk/src/rp2_common/hardware_pll/pll.c.obj
 *fill*         0x10009275        0x3 
 .rodata.make_branch.str1.4
                0x10009278       0x53 CMakeFiles/i2c_slave_test.dir/P_/Documents/RasPi_Pico/pico-sdk/src/rp2_common/hardware_irq/irq.c.obj
 *fill*         0x100092cb        0x1 
 .rodata.irq_set_exclusive_handler.str1.4
                0x100092cc       0x36 CMakeFiles/i2c_slave_test.dir/P_/Documents/RasPi_Pico/pico-sdk/src/rp2_common/hardware_irq/irq.c.obj
 *fill*         0x10009302        0x2 
 .rodata.irq_add_shared_handler.str1.4
                0x10009304       0xd9 CMakeFiles/i2c_slave_test.dir/P_/Documents/RasPi_Pico/pico-sdk/src/rp2_common/hardware_irq/irq.c.obj
 *fill*         0x100093dd        0x3 
 .rodata.irq_remove_handler.str1.4
                0x100093e0       0x2a CMakeFiles/i2c_slave_test.dir/P_/Documents/RasPi_Pico/pico-sdk/src/rp2_common/hardware_irq/irq.c.obj
 *fill*         0x1000940a        0x2 
 .rodata.irq_add_tail_to_free_list.str1.4
                0x1000940c       0x32 CMakeFiles/i2c_slave_test.dir/P_/Documents/RasPi_Pico/pico-sdk/src/rp2_common/hardware_irq/irq.c.obj
                                 0x3a (size before relaxing)
 *fill*         0x1000943e        0x2 
 .rodata.__func__.0
                0x10009440       0x1a CMakeFiles/i2c_slave_test.dir/P_/Documents/RasPi_Pico/pico-sdk/src/rp2_common/hardware_irq/irq.c.obj
 *fill*         0x1000945a        0x2 
 .rodata.__func__.1
                0x1000945c       0x17 CMakeFiles/i2c_slave_test.dir/P_/Documents/RasPi_Pico/pico-sdk/src/rp2_common/hardware_irq/irq.c.obj
 *fill*         0x10009473        0x1 
 .rodata.__func__.2
                0x10009474       0x13 CMakeFiles/i2c_slave_test.dir/P_/Documents/RasPi_Pico/pico-sdk/src/rp2_common/hardware_irq/irq.c.obj
 *fill*         0x10009487        0x1 
 .rodata.__func__.3
                0x10009488        0xc CMakeFiles/i2c_slave_test.dir/P_/Documents/RasPi_Pico/pico-sdk/src/rp2_common/hardware_irq/irq.c.obj
 .rodata.__func__.4
                0x10009494        0xf CMakeFiles/i2c_slave_test.dir/P_/Documents/RasPi_Pico/pico-sdk/src/rp2_common/hardware_irq/irq.c.obj
 *fill*         0x100094a3        0x1 
 .rodata.__func__.6
                0x100094a4       0x1a CMakeFiles/i2c_slave_test.dir/P_/Documents/RasPi_Pico/pico-sdk/src/rp2_common/hardware_irq/irq.c.obj
 *fill*         0x100094be        0x2 
 .rodata._ftoa.str1.4
                0x100094c0       0x15 CMakeFiles/i2c_slave_test.dir/P_/Documents/RasPi_Pico/pico-sdk/src/rp2_common/pico_printf/printf.c.obj
 *fill*         0x100094d5        0x3 
 .rodata._vsnprintf
                0x100094d8      0x1e0 CMakeFiles/i2c_slave_test.dir/P_/Documents/RasPi_Pico/pico-sdk/src/rp2_common/pico_printf/printf.c.obj
 .rodata.pow10.0
                0x100096b8       0x50 CMakeFiles/i2c_slave_test.dir/P_/Documents/RasPi_Pico/pico-sdk/src/rp2_common/pico_printf/printf.c.obj
 .rodata.__aeabi_double_init.str1.4
                0x10009708       0xae CMakeFiles/i2c_slave_test.dir/P_/Documents/RasPi_Pico/pico-sdk/src/rp2_common/pico_double/double_init_rom.c.obj
 *fill*         0x100097b6        0x2 
 .rodata.__func__.0
                0x100097b8       0x14 CMakeFiles/i2c_slave_test.dir/P_/Documents/RasPi_Pico/pico-sdk/src/rp2_common/pico_double/double_init_rom.c.obj
 .rodata.__aeabi_float_init.str1.4
                0x100097cc       0x80 CMakeFiles/i2c_slave_test.dir/P_/Documents/RasPi_Pico/pico-sdk/src/rp2_common/pico_float/float_init_rom.c.obj
                                 0x84 (size before relaxing)
 .rodata.__func__.0
                0x1000984c       0x13 CMakeFiles/i2c_slave_test.dir/P_/Documents/RasPi_Pico/pico-sdk/src/rp2_common/pico_float/float_init_rom.c.obj
 *fill*         0x1000985f        0x1 
 .rodata.str1.4
                0x10009860       0x44 CMakeFiles/i2c_slave_test.dir/P_/Documents/RasPi_Pico/pico-sdk/src/rp2_common/pico_standard_link/binary_info.c.obj
 .rodata.__bi_44
                0x100098a4        0xc CMakeFiles/i2c_slave_test.dir/P_/Documents/RasPi_Pico/pico-sdk/src/rp2_common/pico_standard_link/binary_info.c.obj
 .rodata.__bi_75
                0x100098b0        0xc CMakeFiles/i2c_slave_test.dir/P_/Documents/RasPi_Pico/pico-sdk/src/rp2_common/pico_standard_link/binary_info.c.obj
 .rodata.__bi_81
                0x100098bc        0xc CMakeFiles/i2c_slave_test.dir/P_/Documents/RasPi_Pico/pico-sdk/src/rp2_common/pico_standard_link/binary_info.c.obj
 .rodata.crlf_str.2
                0x100098c8        0x2 CMakeFiles/i2c_slave_test.dir/P_/Documents/RasPi_Pico/pico-sdk/src/rp2_common/pico_stdio/stdio.c.obj
 *fill*         0x100098ca        0x2 
 .rodata._resetd_driver
                0x100098cc       0x1c CMakeFiles/i2c_slave_test.dir/P_/Documents/RasPi_Pico/pico-sdk/src/rp2_common/pico_stdio_usb/reset_interface.c.obj
 .rodata.stdio_usb_init.str1.4
                0x100098e8       0x63 CMakeFiles/i2c_slave_test.dir/P_/Documents/RasPi_Pico/pico-sdk/src/rp2_common/pico_stdio_usb/stdio_usb.c.obj
 .rodata.str1.4
                0x100098e8       0x13 CMakeFiles/i2c_slave_test.dir/P_/Documents/RasPi_Pico/pico-sdk/src/rp2_common/pico_stdio_usb/stdio_usb.c.obj
 *fill*         0x100098fb        0x1 
 .rodata.__bi_93.1
                0x100098fc        0xc CMakeFiles/i2c_slave_test.dir/P_/Documents/RasPi_Pico/pico-sdk/src/rp2_common/pico_stdio_usb/stdio_usb.c.obj
 .rodata.__func__.0
                0x10009908       0x15 CMakeFiles/i2c_slave_test.dir/P_/Documents/RasPi_Pico/pico-sdk/src/rp2_common/pico_stdio_usb/stdio_usb.c.obj
 *fill*         0x1000991d        0x3 
 .rodata.str1.4
                0x10009920       0x3a CMakeFiles/i2c_slave_test.dir/P_/Documents/RasPi_Pico/pico-sdk/src/rp2_common/pico_stdio_usb/stdio_usb_descriptors.c.obj
 *fill*         0x1000995a        0x2 
 .rodata.usbd_desc_cfg
                0x1000995c       0x54 CMakeFiles/i2c_slave_test.dir/P_/Documents/RasPi_Pico/pico-sdk/src/rp2_common/pico_stdio_usb/stdio_usb_descriptors.c.obj
 .rodata.usbd_desc_device
                0x100099b0       0x12 CMakeFiles/i2c_slave_test.dir/P_/Documents/RasPi_Pico/pico-sdk/src/rp2_common/pico_stdio_usb/stdio_usb_descriptors.c.obj
 *fill*         0x100099c2        0x2 
 .rodata.usbd_desc_str
                0x100099c4       0x18 CMakeFiles/i2c_slave_test.dir/P_/Documents/RasPi_Pico/pico-sdk/src/rp2_common/pico_stdio_usb/stdio_usb_descriptors.c.obj
 .rodata._hw_endpoint_alloc.str1.4
                0x100099dc       0xbd CMakeFiles/i2c_slave_test.dir/P_/Documents/RasPi_Pico/pico-sdk/lib/tinyusb/src/portable/raspberrypi/rp2040/dcd_rp2040.c.obj
 *fill*         0x10009a99        0x3 
 .rodata._hw_endpoint_init.str1.4
                0x10009a9c       0x28 CMakeFiles/i2c_slave_test.dir/P_/Documents/RasPi_Pico/pico-sdk/lib/tinyusb/src/portable/raspberrypi/rp2040/dcd_rp2040.c.obj
 .rodata.hw_handle_buff_status.str1.4
                0x10009ac4        0xb CMakeFiles/i2c_slave_test.dir/P_/Documents/RasPi_Pico/pico-sdk/lib/tinyusb/src/portable/raspberrypi/rp2040/dcd_rp2040.c.obj
 *fill*         0x10009acf        0x1 
 .rodata.dcd_rp2040_irq.str1.4
                0x10009ad0       0x14 CMakeFiles/i2c_slave_test.dir/P_/Documents/RasPi_Pico/pico-sdk/lib/tinyusb/src/portable/raspberrypi/rp2040/dcd_rp2040.c.obj
 .rodata._hw_endpoint_stall.str1.4
                0x10009ae4        0xd CMakeFiles/i2c_slave_test.dir/P_/Documents/RasPi_Pico/pico-sdk/lib/tinyusb/src/portable/raspberrypi/rp2040/dcd_rp2040.c.obj
 *fill*         0x10009af1        0x3 
 .rodata.dcd_int_enable.str1.4
                0x10009af4        0xc CMakeFiles/i2c_slave_test.dir/P_/Documents/RasPi_Pico/pico-sdk/lib/tinyusb/src/portable/raspberrypi/rp2040/dcd_rp2040.c.obj
 .rodata.__func__.0
                0x10009b00       0x15 CMakeFiles/i2c_slave_test.dir/P_/Documents/RasPi_Pico/pico-sdk/lib/tinyusb/src/portable/raspberrypi/rp2040/dcd_rp2040.c.obj
 *fill*         0x10009b15        0x3 
 .rodata.__func__.1
                0x10009b18       0x13 CMakeFiles/i2c_slave_test.dir/P_/Documents/RasPi_Pico/pico-sdk/lib/tinyusb/src/portable/raspberrypi/rp2040/dcd_rp2040.c.obj
 *fill*         0x10009b2b        0x1 
 .rodata.__func__.10
                0x10009b2c        0xf CMakeFiles/i2c_slave_test.dir/P_/Documents/RasPi_Pico/pico-sdk/lib/tinyusb/src/portable/raspberrypi/rp2040/dcd_rp2040.c.obj
 *fill*         0x10009b3b        0x1 
 .rodata.__func__.11
                0x10009b3c       0x13 CMakeFiles/i2c_slave_test.dir/P_/Documents/RasPi_Pico/pico-sdk/lib/tinyusb/src/portable/raspberrypi/rp2040/dcd_rp2040.c.obj
 *fill*         0x10009b4f        0x1 
 .rodata.__func__.12
                0x10009b50       0x16 CMakeFiles/i2c_slave_test.dir/P_/Documents/RasPi_Pico/pico-sdk/lib/tinyusb/src/portable/raspberrypi/rp2040/dcd_rp2040.c.obj
 *fill*         0x10009b66        0x2 
 .rodata.__func__.13
                0x10009b68        0x9 CMakeFiles/i2c_slave_test.dir/P_/Documents/RasPi_Pico/pico-sdk/lib/tinyusb/src/portable/raspberrypi/rp2040/dcd_rp2040.c.obj
 *fill*         0x10009b71        0x3 
 .rodata.__func__.2
                0x10009b74        0xf CMakeFiles/i2c_slave_test.dir/P_/Documents/RasPi_Pico/pico-sdk/lib/tinyusb/src/portable/raspberrypi/rp2040/dcd_rp2040.c.obj
 *fill*         0x10009b83        0x1 
 .rodata.__func__.3
                0x10009b84        0xe CMakeFiles/i2c_slave_test.dir/P_/Documents/RasPi_Pico/pico-sdk/lib/tinyusb/src/portable/raspberrypi/rp2040/dcd_rp2040.c.obj
 *fill*         0x10009b92        0x2 
 .rodata.__func__.4
                0x10009b94        0xe CMakeFiles/i2c_slave_test.dir/P_/Documents/RasPi_Pico/pico-sdk/lib/tinyusb/src/portable/raspberrypi/rp2040/dcd_rp2040.c.obj
 *fill*         0x10009ba2        0x2 
 .rodata.__func__.5
                0x10009ba4       0x1a CMakeFiles/i2c_slave_test.dir/P_/Documents/RasPi_Pico/pico-sdk/lib/tinyusb/src/portable/raspberrypi/rp2040/dcd_rp2040.c.obj
 *fill*         0x10009bbe        0x2 
 .rodata.__func__.6
                0x10009bc0        0xc CMakeFiles/i2c_slave_test.dir/P_/Documents/RasPi_Pico/pico-sdk/lib/tinyusb/src/portable/raspberrypi/rp2040/dcd_rp2040.c.obj
 .rodata.__func__.8
                0x10009bcc       0x10 CMakeFiles/i2c_slave_test.dir/P_/Documents/RasPi_Pico/pico-sdk/lib/tinyusb/src/portable/raspberrypi/rp2040/dcd_rp2040.c.obj
 .rodata._hw_endpoint_buffer_control_update32.str1.4
                0x10009bdc       0x1f CMakeFiles/i2c_slave_test.dir/P_/Documents/RasPi_Pico/pico-sdk/lib/tinyusb/src/portable/raspberrypi/rp2040/rp2040_usb.c.obj
 *fill*         0x10009bfb        0x1 
 .rodata._hw_endpoint_xfer_sync.str1.4
                0x10009bfc       0x99 CMakeFiles/i2c_slave_test.dir/P_/Documents/RasPi_Pico/pico-sdk/lib/tinyusb/src/portable/raspberrypi/rp2040/rp2040_usb.c.obj
 *fill*         0x10009c95        0x3 
 .rodata._hw_endpoint_xfer_continue.str1.4
                0x10009c98       0x50 CMakeFiles/i2c_slave_test.dir/P_/Documents/RasPi_Pico/pico-sdk/lib/tinyusb/src/portable/raspberrypi/rp2040/rp2040_usb.c.obj
 .rodata._hw_endpoint_xfer.str1.4
                0x10009ce8        0xf CMakeFiles/i2c_slave_test.dir/P_/Documents/RasPi_Pico/pico-sdk/lib/tinyusb/src/portable/raspberrypi/rp2040/rp2040_usb.c.obj
 *fill*         0x10009cf7        0x1 
 .rodata.str1.4
                0x10009cf8        0x7 CMakeFiles/i2c_slave_test.dir/P_/Documents/RasPi_Pico/pico-sdk/lib/tinyusb/src/portable/raspberrypi/rp2040/rp2040_usb.c.obj
 *fill*         0x10009cff        0x1 
 .rodata.__func__.0
                0x10009d00       0x12 CMakeFiles/i2c_slave_test.dir/P_/Documents/RasPi_Pico/pico-sdk/lib/tinyusb/src/portable/raspberrypi/rp2040/rp2040_usb.c.obj
 *fill*         0x10009d12        0x2 
 .rodata.__func__.1
                0x10009d14       0x17 CMakeFiles/i2c_slave_test.dir/P_/Documents/RasPi_Pico/pico-sdk/lib/tinyusb/src/portable/raspberrypi/rp2040/rp2040_usb.c.obj
 *fill*         0x10009d2b        0x1 
 .rodata.process_set_config.str1.4
                0x10009d2c       0x17 CMakeFiles/i2c_slave_test.dir/P_/Documents/RasPi_Pico/pico-sdk/lib/tinyusb/src/device/usbd.c.obj
 *fill*         0x10009d43        0x1 
 .rodata.process_get_descriptor
                0x10009d44       0x40 CMakeFiles/i2c_slave_test.dir/P_/Documents/RasPi_Pico/pico-sdk/lib/tinyusb/src/device/usbd.c.obj
 .rodata.dcd_event_handler.str1.4
                0x10009d84       0x4f CMakeFiles/i2c_slave_test.dir/P_/Documents/RasPi_Pico/pico-sdk/lib/tinyusb/src/device/usbd.c.obj
 *fill*         0x10009dd3        0x1 
 .rodata.process_control_request
                0x10009dd4       0x28 CMakeFiles/i2c_slave_test.dir/P_/Documents/RasPi_Pico/pico-sdk/lib/tinyusb/src/device/usbd.c.obj
 .rodata.tud_task
                0x10009dfc       0x24 CMakeFiles/i2c_slave_test.dir/P_/Documents/RasPi_Pico/pico-sdk/lib/tinyusb/src/device/usbd.c.obj
 .rodata.__func__.1
                0x10009e20        0xf CMakeFiles/i2c_slave_test.dir/P_/Documents/RasPi_Pico/pico-sdk/lib/tinyusb/src/device/usbd.c.obj
 *fill*         0x10009e2f        0x1 
 .rodata.__func__.2
                0x10009e30       0x14 CMakeFiles/i2c_slave_test.dir/P_/Documents/RasPi_Pico/pico-sdk/lib/tinyusb/src/device/usbd.c.obj
 .rodata.__func__.3
                0x10009e44       0x10 CMakeFiles/i2c_slave_test.dir/P_/Documents/RasPi_Pico/pico-sdk/lib/tinyusb/src/device/usbd.c.obj
 .rodata.__func__.4
                0x10009e54       0x17 CMakeFiles/i2c_slave_test.dir/P_/Documents/RasPi_Pico/pico-sdk/lib/tinyusb/src/device/usbd.c.obj
 *fill*         0x10009e6b        0x1 
 .rodata.__func__.5
                0x10009e6c       0x13 CMakeFiles/i2c_slave_test.dir/P_/Documents/RasPi_Pico/pico-sdk/lib/tinyusb/src/device/usbd.c.obj
 *fill*         0x10009e7f        0x1 
 .rodata.__func__.6
                0x10009e80       0x18 CMakeFiles/i2c_slave_test.dir/P_/Documents/RasPi_Pico/pico-sdk/lib/tinyusb/src/device/usbd.c.obj
 .rodata.__func__.7
                0x10009e98       0x13 CMakeFiles/i2c_slave_test.dir/P_/Documents/RasPi_Pico/pico-sdk/lib/tinyusb/src/device/usbd.c.obj
 *fill*         0x10009eab        0x1 
 .rodata.__func__.8
                0x10009eac        0x9 CMakeFiles/i2c_slave_test.dir/P_/Documents/RasPi_Pico/pico-sdk/lib/tinyusb/src/device/usbd.c.obj
 *fill*         0x10009eb5        0x3 
 .rodata._usbd_driver
                0x10009eb8       0x1c CMakeFiles/i2c_slave_test.dir/P_/Documents/RasPi_Pico/pico-sdk/lib/tinyusb/src/device/usbd.c.obj
 .rodata.tud_control_xfer.str1.4
                0x10009ed4       0x17 CMakeFiles/i2c_slave_test.dir/P_/Documents/RasPi_Pico/pico-sdk/lib/tinyusb/src/device/usbd_control.c.obj
 .rodata.__func__.0
                0x10009ed4       0x15 CMakeFiles/i2c_slave_test.dir/P_/Documents/RasPi_Pico/pico-sdk/lib/tinyusb/src/device/usbd_control.c.obj
 *fill*         0x10009ee9        0x3 
 .rodata.__func__.1
                0x10009eec       0x11 CMakeFiles/i2c_slave_test.dir/P_/Documents/RasPi_Pico/pico-sdk/lib/tinyusb/src/device/usbd_control.c.obj
 .rodata.tud_cdc_n_write_flush.str1.4
                0x10009efd       0x17 CMakeFiles/i2c_slave_test.dir/P_/Documents/RasPi_Pico/pico-sdk/lib/tinyusb/src/class/cdc/cdc_device.c.obj
 *fill*         0x10009efd        0x3 
 .rodata.__func__.0
                0x10009f00        0xd CMakeFiles/i2c_slave_test.dir/P_/Documents/RasPi_Pico/pico-sdk/lib/tinyusb/src/class/cdc/cdc_device.c.obj
 *fill*         0x10009f0d        0x3 
 .rodata.__func__.1
                0x10009f10        0xa CMakeFiles/i2c_slave_test.dir/P_/Documents/RasPi_Pico/pico-sdk/lib/tinyusb/src/class/cdc/cdc_device.c.obj
 *fill*         0x10009f1a        0x2 
 .rodata.__func__.2
                0x10009f1c       0x16 CMakeFiles/i2c_slave_test.dir/P_/Documents/RasPi_Pico/pico-sdk/lib/tinyusb/src/class/cdc/cdc_device.c.obj
 .rodata.tusb_init.str1.4
                0x10009f32       0x17 CMakeFiles/i2c_slave_test.dir/P_/Documents/RasPi_Pico/pico-sdk/lib/tinyusb/src/tusb.c.obj
 *fill*         0x10009f32        0x2 
 .rodata.__func__.0
                0x10009f34        0xa CMakeFiles/i2c_slave_test.dir/P_/Documents/RasPi_Pico/pico-sdk/lib/tinyusb/src/tusb.c.obj
 *fill*         0x10009f3e        0x2 
 .rodata.multicore_lockout_start_block_until.str1.4
                0x10009f40       0x63 CMakeFiles/i2c_slave_test.dir/P_/Documents/RasPi_Pico/pico-sdk/src/rp2_common/pico_multicore/multicore.c.obj
 *fill*         0x10009fa3        0x1 
 .rodata.multicore_launch_core1_with_stack.str1.4
                0x10009fa4       0x19 CMakeFiles/i2c_slave_test.dir/P_/Documents/RasPi_Pico/pico-sdk/src/rp2_common/pico_multicore/multicore.c.obj
 *fill*         0x10009fbd        0x3 
 .rodata.__func__.2
                0x10009fc0       0x22 CMakeFiles/i2c_slave_test.dir/P_/Documents/RasPi_Pico/pico-sdk/src/rp2_common/pico_multicore/multicore.c.obj
                0x10009fe4                . = ALIGN (0x4)
 *fill*         0x10009fe2        0x2 
 *(SORT_BY_ALIGNMENT(SORT_BY_NAME(.flashdata*)))
                0x10009fe4                . = ALIGN (0x4)

.rel.dyn        0x10009fe4        0x0
 .rel.iplt      0x10009fe4        0x0 e:/progra~2/gnuarm~1/102020~1/bin/../lib/gcc/arm-none-eabi/10.2.1/thumb/v6-m/nofp/crtbegin.o

.ARM.extab
 *(.ARM.extab* .gnu.linkonce.armextab.*)
                0x10009fe4                __exidx_start = .

.ARM.exidx
 *(.ARM.exidx* .gnu.linkonce.armexidx.*)
                0x10009fe4                __exidx_end = .
                0x10009fe4                . = ALIGN (0x4)
                0x10009fe4                __binary_info_start = .

.binary_info    0x10009fe4       0x20
 *(.binary_info.keep.*)
 .binary_info.keep.__bi_ptr22
                0x10009fe4        0x4 CMakeFiles/i2c_slave_test.dir/P_/Documents/RasPi_Pico/pico-sdk/src/rp2_common/pico_standard_link/binary_info.c.obj
 .binary_info.keep.__bi_ptr30
                0x10009fe8        0x4 CMakeFiles/i2c_slave_test.dir/P_/Documents/RasPi_Pico/pico-sdk/src/rp2_common/pico_standard_link/binary_info.c.obj
 .binary_info.keep.__bi_ptr38
                0x10009fec        0x4 CMakeFiles/i2c_slave_test.dir/P_/Documents/RasPi_Pico/pico-sdk/src/rp2_common/pico_standard_link/binary_info.c.obj
 .binary_info.keep.__bi_ptr44
                0x10009ff0        0x4 CMakeFiles/i2c_slave_test.dir/P_/Documents/RasPi_Pico/pico-sdk/src/rp2_common/pico_standard_link/binary_info.c.obj
 .binary_info.keep.__bi_ptr50
                0x10009ff4        0x4 CMakeFiles/i2c_slave_test.dir/P_/Documents/RasPi_Pico/pico-sdk/src/rp2_common/pico_standard_link/binary_info.c.obj
 .binary_info.keep.__bi_ptr75
                0x10009ff8        0x4 CMakeFiles/i2c_slave_test.dir/P_/Documents/RasPi_Pico/pico-sdk/src/rp2_common/pico_standard_link/binary_info.c.obj
 .binary_info.keep.__bi_ptr81
                0x10009ffc        0x4 CMakeFiles/i2c_slave_test.dir/P_/Documents/RasPi_Pico/pico-sdk/src/rp2_common/pico_standard_link/binary_info.c.obj
 *(.binary_info.*)
 .binary_info.__bi_ptr93
                0x1000a000        0x4 CMakeFiles/i2c_slave_test.dir/P_/Documents/RasPi_Pico/pico-sdk/src/rp2_common/pico_stdio_usb/stdio_usb.c.obj
                0x1000a004                __binary_info_end = .
                0x1000a004                . = ALIGN (0x4)
                0x1000a004                __etext = .

.ram_vector_table
                0x20000000       0xc0
 *(.ram_vector_table)
 .ram_vector_table
                0x20000000       0xc0 CMakeFiles/i2c_slave_test.dir/P_/Documents/RasPi_Pico/pico-sdk/src/rp2_common/pico_runtime/runtime.c.obj
                0x20000000                ram_vector_table

.data           0x200000c0      0x344 load address 0x1000a004
                0x200000c0                __data_start__ = .
 *(vtable)
 *(.time_critical*)
 .time_critical.mutex_enter_blocking
                0x200000c0       0x64 CMakeFiles/i2c_slave_test.dir/P_/Documents/RasPi_Pico/pico-sdk/src/common/pico_sync/mutex.c.obj
                0x200000c0                mutex_enter_blocking
 .time_critical.mutex_try_enter